./usr/share/acme.sh/acme.sh
./usr/share/acme.sh/deploy
./usr/share/acme.sh/deploy/apache.sh
./usr/share/acme.sh/deploy/cpanel_uapi.sh
./usr/share/acme.sh/deploy/docker.sh
./usr/share/acme.sh/deploy/dovecot.sh
./usr/share/acme.sh/deploy/exim4.sh
./usr/share/acme.sh/deploy/fritzbox.sh
./usr/share/acme.sh/deploy/gcore_cdn.sh
./usr/share/acme.sh/deploy/gitlab.sh
./usr/share/acme.sh/deploy/haproxy.sh
./usr/share/acme.sh/deploy/keychain.sh
./usr/share/acme.sh/deploy/kong.sh
./usr/share/acme.sh/deploy/mailcow.sh
./usr/share/acme.sh/deploy/myapi.sh
./usr/share/acme.sh/deploy/mydevil.sh
./usr/share/acme.sh/deploy/mysqld.sh
./usr/share/acme.sh/deploy/nginx.sh
./usr/share/acme.sh/deploy/opensshd.sh
./usr/share/acme.sh/deploy/panos.sh
./usr/share/acme.sh/deploy/pureftpd.sh
./usr/share/acme.sh/deploy/qiniu.sh
./usr/share/acme.sh/deploy/README.md
./usr/share/acme.sh/deploy/routeros.sh
./usr/share/acme.sh/deploy/ssh.sh
./usr/share/acme.sh/deploy/strongswan.sh
./usr/share/acme.sh/deploy/synology_dsm.sh
./usr/share/acme.sh/deploy/unifi.sh
./usr/share/acme.sh/deploy/vault_cli.sh
./usr/share/acme.sh/deploy/vsftpd.sh
./usr/share/acme.sh/dnsapi
./usr/share/acme.sh/dnsapi/dns_1984hosting.sh
./usr/share/acme.sh/dnsapi/dns_acmedns.sh
./usr/share/acme.sh/dnsapi/dns_acmeproxy.sh
./usr/share/acme.sh/dnsapi/dns_active24.sh
./usr/share/acme.sh/dnsapi/dns_ad.sh
./usr/share/acme.sh/dnsapi/dns_ali.sh
./usr/share/acme.sh/dnsapi/dns_arvan.sh
./usr/share/acme.sh/dnsapi/dns_autodns.sh
./usr/share/acme.sh/dnsapi/dns_aws.sh
./usr/share/acme.sh/dnsapi/dns_azure.sh
./usr/share/acme.sh/dnsapi/dns_cf.sh
./usr/share/acme.sh/dnsapi/dns_clouddns.sh
./usr/share/acme.sh/dnsapi/dns_cloudns.sh
./usr/share/acme.sh/dnsapi/dns_cn.sh
./usr/share/acme.sh/dnsapi/dns_conoha.sh
./usr/share/acme.sh/dnsapi/dns_constellix.sh
./usr/share/acme.sh/dnsapi/dns_cx.sh
./usr/share/acme.sh/dnsapi/dns_cyon.sh
./usr/share/acme.sh/dnsapi/dns_da.sh
./usr/share/acme.sh/dnsapi/dns_ddnss.sh
./usr/share/acme.sh/dnsapi/dns_desec.sh
./usr/share/acme.sh/dnsapi/dns_df.sh
./usr/share/acme.sh/dnsapi/dns_dgon.sh
./usr/share/acme.sh/dnsapi/dns_dnsimple.sh
./usr/share/acme.sh/dnsapi/dns_doapi.sh
./usr/share/acme.sh/dnsapi/dns_domeneshop.sh
./usr/share/acme.sh/dnsapi/dns_do.sh
./usr/share/acme.sh/dnsapi/dns_dpi.sh
./usr/share/acme.sh/dnsapi/dns_dp.sh
./usr/share/acme.sh/dnsapi/dns_dreamhost.sh
./usr/share/acme.sh/dnsapi/dns_duckdns.sh
./usr/share/acme.sh/dnsapi/dns_durabledns.sh
./usr/share/acme.sh/dnsapi/dns_dyn.sh
./usr/share/acme.sh/dnsapi/dns_dynu.sh
./usr/share/acme.sh/dnsapi/dns_dynv6.sh
./usr/share/acme.sh/dnsapi/dns_easydns.sh
./usr/share/acme.sh/dnsapi/dns_euserv.sh
./usr/share/acme.sh/dnsapi/dns_exoscale.sh
./usr/share/acme.sh/dnsapi/dns_freedns.sh
./usr/share/acme.sh/dnsapi/dns_gandi_livedns.sh
./usr/share/acme.sh/dnsapi/dns_gcloud.sh
./usr/share/acme.sh/dnsapi/dns_gdnsdk.sh
./usr/share/acme.sh/dnsapi/dns_gd.sh
./usr/share/acme.sh/dnsapi/dns_he.sh
./usr/share/acme.sh/dnsapi/dns_hexonet.sh
./usr/share/acme.sh/dnsapi/dns_hostingde.sh
./usr/share/acme.sh/dnsapi/dns_infoblox.sh
./usr/share/acme.sh/dnsapi/dns_internetbs.sh
./usr/share/acme.sh/dnsapi/dns_inwx.sh
./usr/share/acme.sh/dnsapi/dns_ispconfig.sh
./usr/share/acme.sh/dnsapi/dns_jd.sh
./usr/share/acme.sh/dnsapi/dns_joker.sh
./usr/share/acme.sh/dnsapi/dns_kas.sh
./usr/share/acme.sh/dnsapi/dns_kinghost.sh
./usr/share/acme.sh/dnsapi/dns_knot.sh
./usr/share/acme.sh/dnsapi/dns_leaseweb.sh
./usr/share/acme.sh/dnsapi/dns_lexicon.sh
./usr/share/acme.sh/dnsapi/dns_linode.sh
./usr/share/acme.sh/dnsapi/dns_linode_v4.sh
./usr/share/acme.sh/dnsapi/dns_loopia.sh
./usr/share/acme.sh/dnsapi/dns_lua.sh
./usr/share/acme.sh/dnsapi/dns_maradns.sh
./usr/share/acme.sh/dnsapi/dns_me.sh
./usr/share/acme.sh/dnsapi/dns_miab.sh
./usr/share/acme.sh/dnsapi/dns_misaka.sh
./usr/share/acme.sh/dnsapi/dns_myapi.sh
./usr/share/acme.sh/dnsapi/dns_mydevil.sh
./usr/share/acme.sh/dnsapi/dns_mydnsjp.sh
./usr/share/acme.sh/dnsapi/dns_namecheap.sh
./usr/share/acme.sh/dnsapi/dns_namecom.sh
./usr/share/acme.sh/dnsapi/dns_namesilo.sh
./usr/share/acme.sh/dnsapi/dns_nederhost.sh
./usr/share/acme.sh/dnsapi/dns_neodigit.sh
./usr/share/acme.sh/dnsapi/dns_netcup.sh
./usr/share/acme.sh/dnsapi/dns_nic.sh
./usr/share/acme.sh/dnsapi/dns_nm.sh
./usr/share/acme.sh/dnsapi/dns_nsd.sh
./usr/share/acme.sh/dnsapi/dns_nsone.sh
./usr/share/acme.sh/dnsapi/dns_nsupdate.sh
./usr/share/acme.sh/dnsapi/dns_nw.sh
./usr/share/acme.sh/dnsapi/dns_one.sh
./usr/share/acme.sh/dnsapi/dns_online.sh
./usr/share/acme.sh/dnsapi/dns_openprovider.sh
./usr/share/acme.sh/dnsapi/dns_opnsense.sh
./usr/share/acme.sh/dnsapi/dns_ovh.sh
./usr/share/acme.sh/dnsapi/dns_pdns.sh
./usr/share/acme.sh/dnsapi/dns_pleskxml.sh
./usr/share/acme.sh/dnsapi/dns_pointhq.sh
./usr/share/acme.sh/dnsapi/dns_rackspace.sh
./usr/share/acme.sh/dnsapi/dns_rcode0.sh
./usr/share/acme.sh/dnsapi/dns_regru.sh
./usr/share/acme.sh/dnsapi/dns_schlundtech.sh
./usr/share/acme.sh/dnsapi/dns_selectel.sh
./usr/share/acme.sh/dnsapi/dns_servercow.sh
./usr/share/acme.sh/dnsapi/dns_tele3.sh
./usr/share/acme.sh/dnsapi/dns_ultra.sh
./usr/share/acme.sh/dnsapi/dns_unoeuro.sh
./usr/share/acme.sh/dnsapi/dns_variomedia.sh
./usr/share/acme.sh/dnsapi/dns_vscale.sh
./usr/share/acme.sh/dnsapi/dns_vultr.sh
./usr/share/acme.sh/dnsapi/dns_yandex.sh
./usr/share/acme.sh/dnsapi/dns_zilore.sh
./usr/share/acme.sh/dnsapi/dns_zone.sh
./usr/share/acme.sh/dnsapi/dns_zonomi.sh
./usr/share/acme.sh/dnsapi/README.md
./usr/share/acme.sh/notify
./usr/share/acme.sh/notify/cqhttp.sh
./usr/share/acme.sh/notify/dingtalk.sh
./usr/share/acme.sh/notify/ifttt.sh
./usr/share/acme.sh/notify/mailgun.sh
./usr/share/acme.sh/notify/mail.sh
./usr/share/acme.sh/notify/pop.sh
./usr/share/acme.sh/notify/postmark.sh
./usr/share/acme.sh/notify/pushover.sh
./usr/share/acme.sh/notify/sendgrid.sh
./usr/share/acme.sh/notify/slack.sh
./usr/share/acme.sh/notify/smtp.sh
./usr/share/acme.sh/notify/xmpp.sh

