./usr/include/acl/libacl.h
./usr/include/alsa/asoundef.h
./usr/include/alsa/asoundlib.h
./usr/include/alsa/conf.h
./usr/include/alsa/control_external.h
./usr/include/alsa/control.h
./usr/include/alsa/error.h
./usr/include/alsa/global.h
./usr/include/alsa/hwdep.h
./usr/include/alsa/iatomic.h
./usr/include/alsa/input.h
./usr/include/alsa/mixer_abst.h
./usr/include/alsa/mixer.h
./usr/include/alsa/output.h
./usr/include/alsa/pcm_external.h
./usr/include/alsa/pcm_extplug.h
./usr/include/alsa/pcm.h
./usr/include/alsa/pcm_ioplug.h
./usr/include/alsa/pcm_old.h
./usr/include/alsa/pcm_plugin.h
./usr/include/alsa/pcm_rate.h
./usr/include/alsa/rawmidi.h
./usr/include/alsa/seq_event.h
./usr/include/alsa/seq.h
./usr/include/alsa/seqmid.h
./usr/include/alsa/seq_midi_event.h
./usr/include/alsa/sound/asound_fm.h
./usr/include/alsa/sound/emu10k1.h
./usr/include/alsa/sound/hdsp.h
./usr/include/alsa/sound/hdspm.h
./usr/include/alsa/sound/sb16_csp.h
./usr/include/alsa/sound/sscape_ioctl.h
./usr/include/alsa/sound/type_compat.h
./usr/include/alsa/timer.h
./usr/include/alsa/use-case.h
./usr/include/alsa/version.h
./usr/include/antlr3baserecognizer.h
./usr/include/antlr3basetreeadaptor.h
./usr/include/antlr3basetree.h
./usr/include/antlr3bitset.h
./usr/include/antlr3collections.h
./usr/include/antlr3commontoken.h
./usr/include/antlr3commontreeadaptor.h
./usr/include/antlr3commontree.h
./usr/include/antlr3commontreenodestream.h
./usr/include/antlr3config.h
./usr/include/antlr3convertutf.h
./usr/include/antlr3cyclicdfa.h
./usr/include/antlr3debugeventlistener.h
./usr/include/antlr3defs.h
./usr/include/antlr3encodings.h
./usr/include/antlr3errors.h
./usr/include/antlr3exception.h
./usr/include/antlr3filestream.h
./usr/include/antlr3.h
./usr/include/antlr3input.h
./usr/include/antlr3interfaces.h
./usr/include/antlr3intstream.h
./usr/include/antlr3lexer.h
./usr/include/antlr3memory.h
./usr/include/antlr3parser.h
./usr/include/antlr3parsetree.h
./usr/include/antlr3recognizersharedstate.h
./usr/include/antlr3rewritestreams.h
./usr/include/antlr3string.h
./usr/include/antlr3tokenstream.h
./usr/include/antlr3treeparser.h
./usr/include/apr-1/apr_allocator.h
./usr/include/apr-1/apr_anylock.h
./usr/include/apr-1/apr_atomic.h
./usr/include/apr-1/apr_base64.h
./usr/include/apr-1/apr_buckets.h
./usr/include/apr-1/apr_crypto.h
./usr/include/apr-1/apr_date.h
./usr/include/apr-1/apr_dbd.h
./usr/include/apr-1/apr_dbm.h
./usr/include/apr-1/apr_dso.h
./usr/include/apr-1/apr_env.h
./usr/include/apr-1/apr_errno.h
./usr/include/apr-1/apr_file_info.h
./usr/include/apr-1/apr_file_io.h
./usr/include/apr-1/apr_fnmatch.h
./usr/include/apr-1/apr_general.h
./usr/include/apr-1/apr_getopt.h
./usr/include/apr-1/apr_global_mutex.h
./usr/include/apr-1/apr.h
./usr/include/apr-1/apr_hash.h
./usr/include/apr-1/apr_hooks.h
./usr/include/apr-1/apr_inherit.h
./usr/include/apr-1/apr_ldap.h
./usr/include/apr-1/apr_ldap_init.h
./usr/include/apr-1/apr_ldap_option.h
./usr/include/apr-1/apr_ldap_rebind.h
./usr/include/apr-1/apr_ldap_url.h
./usr/include/apr-1/apr_lib.h
./usr/include/apr-1/apr_md4.h
./usr/include/apr-1/apr_md5.h
./usr/include/apr-1/apr_memcache.h
./usr/include/apr-1/apr_mmap.h
./usr/include/apr-1/apr_network_io.h
./usr/include/apr-1/apr_optional.h
./usr/include/apr-1/apr_optional_hooks.h
./usr/include/apr-1/apr_poll.h
./usr/include/apr-1/apr_pools.h
./usr/include/apr-1/apr_portable.h
./usr/include/apr-1/apr_proc_mutex.h
./usr/include/apr-1/apr_queue.h
./usr/include/apr-1/apr_random.h
./usr/include/apr-1/apr_reslist.h
./usr/include/apr-1/apr_ring.h
./usr/include/apr-1/apr_rmm.h
./usr/include/apr-1/apr_sdbm.h
./usr/include/apr-1/apr_sha1.h
./usr/include/apr-1/apr_shm.h
./usr/include/apr-1/apr_signal.h
./usr/include/apr-1/apr_strings.h
./usr/include/apr-1/apr_strmatch.h
./usr/include/apr-1/apr_support.h
./usr/include/apr-1/apr_tables.h
./usr/include/apr-1/apr_thread_cond.h
./usr/include/apr-1/apr_thread_mutex.h
./usr/include/apr-1/apr_thread_pool.h
./usr/include/apr-1/apr_thread_proc.h
./usr/include/apr-1/apr_thread_rwlock.h
./usr/include/apr-1/apr_time.h
./usr/include/apr-1/apr_uri.h
./usr/include/apr-1/apr_user.h
./usr/include/apr-1/apr_uuid.h
./usr/include/apr-1/apr_version.h
./usr/include/apr-1/apr_want.h
./usr/include/apr-1/apr_xlate.h
./usr/include/apr-1/apr_xml.h
./usr/include/apr-1/apu_errno.h
./usr/include/apr-1/apu.h
./usr/include/apr-1/apu_version.h
./usr/include/apr-1/apu_want.h
./usr/include/attr/attributes.h
./usr/include/attr/error_context.h
./usr/include/attr/libattr.h
./usr/include/attr/xattr.h
./usr/include/avahi-client/client.h
./usr/include/avahi-client/lookup.h
./usr/include/avahi-client/publish.h
./usr/include/avahi-common/address.h
./usr/include/avahi-common/alternative.h
./usr/include/avahi-common/cdecl.h
./usr/include/avahi-common/defs.h
./usr/include/avahi-common/domain.h
./usr/include/avahi-common/error.h
./usr/include/avahi-common/gccmacro.h
./usr/include/avahi-common/llist.h
./usr/include/avahi-common/malloc.h
./usr/include/avahi-common/rlist.h
./usr/include/avahi-common/simple-watch.h
./usr/include/avahi-common/strlst.h
./usr/include/avahi-common/thread-watch.h
./usr/include/avahi-common/timeval.h
./usr/include/avahi-common/watch.h
./usr/include/avahi-core/core.h
./usr/include/avahi-core/log.h
./usr/include/avahi-core/lookup.h
./usr/include/avahi-core/publish.h
./usr/include/avahi-core/rr.h
./usr/include/avahi-glib/glib-malloc.h
./usr/include/avahi-glib/glib-watch.h
./usr/include/avahi-gobject/ga-client.h
./usr/include/avahi-gobject/ga-entry-group.h
./usr/include/avahi-gobject/ga-enums.h
./usr/include/avahi-gobject/ga-error.h
./usr/include/avahi-gobject/ga-record-browser.h
./usr/include/avahi-gobject/ga-service-browser.h
./usr/include/avahi-gobject/ga-service-resolver.h
./usr/include/avl.h
./usr/include/blkid/blkid.h
./usr/include/blkid/blkid_types.h
./usr/include/bzlib.h
./usr/include/confuse.h
./usr/include/crypto/cryptodev.h
./usr/include/cryptopp/3way.h
./usr/include/cryptopp/adler32.h
./usr/include/cryptopp/aes.h
./usr/include/cryptopp/algebra.h
./usr/include/cryptopp/algparam.h
./usr/include/cryptopp/arc4.h
./usr/include/cryptopp/argnames.h
./usr/include/cryptopp/asn.h
./usr/include/cryptopp/authenc.h
./usr/include/cryptopp/base32.h
./usr/include/cryptopp/base64.h
./usr/include/cryptopp/basecode.h
./usr/include/cryptopp/bench.h
./usr/include/cryptopp/blowfish.h
./usr/include/cryptopp/blumshub.h
./usr/include/cryptopp/camellia.h
./usr/include/cryptopp/cast.h
./usr/include/cryptopp/cbcmac.h
./usr/include/cryptopp/ccm.h
./usr/include/cryptopp/channels.h
./usr/include/cryptopp/cmac.h
./usr/include/cryptopp/config.h
./usr/include/cryptopp/cpu.h
./usr/include/cryptopp/crc.h
./usr/include/cryptopp/cryptlib.h
./usr/include/cryptopp/default.h
./usr/include/cryptopp/des.h
./usr/include/cryptopp/dh2.h
./usr/include/cryptopp/dh.h
./usr/include/cryptopp/dll.h
./usr/include/cryptopp/dmac.h
./usr/include/cryptopp/dsa.h
./usr/include/cryptopp/eax.h
./usr/include/cryptopp/ec2n.h
./usr/include/cryptopp/eccrypto.h
./usr/include/cryptopp/ecp.h
./usr/include/cryptopp/elgamal.h
./usr/include/cryptopp/emsa2.h
./usr/include/cryptopp/eprecomp.h
./usr/include/cryptopp/esign.h
./usr/include/cryptopp/factory.h
./usr/include/cryptopp/files.h
./usr/include/cryptopp/filters.h
./usr/include/cryptopp/fips140.h
./usr/include/cryptopp/fltrimpl.h
./usr/include/cryptopp/gcm.h
./usr/include/cryptopp/gf2_32.h
./usr/include/cryptopp/gf256.h
./usr/include/cryptopp/gf2n.h
./usr/include/cryptopp/gfpcrypt.h
./usr/include/cryptopp/gost.h
./usr/include/cryptopp/gzip.h
./usr/include/cryptopp/hex.h
./usr/include/cryptopp/hmac.h
./usr/include/cryptopp/hrtimer.h
./usr/include/cryptopp/ida.h
./usr/include/cryptopp/idea.h
./usr/include/cryptopp/integer.h
./usr/include/cryptopp/iterhash.h
./usr/include/cryptopp/lubyrack.h
./usr/include/cryptopp/luc.h
./usr/include/cryptopp/mars.h
./usr/include/cryptopp/md2.h
./usr/include/cryptopp/md4.h
./usr/include/cryptopp/md5.h
./usr/include/cryptopp/mdc.h
./usr/include/cryptopp/misc.h
./usr/include/cryptopp/modarith.h
./usr/include/cryptopp/modes.h
./usr/include/cryptopp/modexppc.h
./usr/include/cryptopp/mqueue.h
./usr/include/cryptopp/mqv.h
./usr/include/cryptopp/nbtheory.h
./usr/include/cryptopp/network.h
./usr/include/cryptopp/nr.h
./usr/include/cryptopp/oaep.h
./usr/include/cryptopp/oids.h
./usr/include/cryptopp/osrng.h
./usr/include/cryptopp/panama.h
./usr/include/cryptopp/pch.h
./usr/include/cryptopp/pkcspad.h
./usr/include/cryptopp/polynomi.h
./usr/include/cryptopp/pssr.h
./usr/include/cryptopp/pubkey.h
./usr/include/cryptopp/pwdbased.h
./usr/include/cryptopp/queue.h
./usr/include/cryptopp/rabin.h
./usr/include/cryptopp/randpool.h
./usr/include/cryptopp/rc2.h
./usr/include/cryptopp/rc5.h
./usr/include/cryptopp/rc6.h
./usr/include/cryptopp/resource.h
./usr/include/cryptopp/rijndael.h
./usr/include/cryptopp/ripemd.h
./usr/include/cryptopp/rng.h
./usr/include/cryptopp/rsa.h
./usr/include/cryptopp/rw.h
./usr/include/cryptopp/safer.h
./usr/include/cryptopp/salsa.h
./usr/include/cryptopp/seal.h
./usr/include/cryptopp/secblock.h
./usr/include/cryptopp/seckey.h
./usr/include/cryptopp/seed.h
./usr/include/cryptopp/serpent.h
./usr/include/cryptopp/serpentp.h
./usr/include/cryptopp/sha3.h
./usr/include/cryptopp/shacal2.h
./usr/include/cryptopp/sha.h
./usr/include/cryptopp/shark.h
./usr/include/cryptopp/simple.h
./usr/include/cryptopp/skipjack.h
./usr/include/cryptopp/smartptr.h
./usr/include/cryptopp/socketft.h
./usr/include/cryptopp/sosemanuk.h
./usr/include/cryptopp/square.h
./usr/include/cryptopp/stdcpp.h
./usr/include/cryptopp/strciphr.h
./usr/include/cryptopp/tea.h
./usr/include/cryptopp/tiger.h
./usr/include/cryptopp/trdlocal.h
./usr/include/cryptopp/trunhash.h
./usr/include/cryptopp/ttmac.h
./usr/include/cryptopp/twofish.h
./usr/include/cryptopp/validate.h
./usr/include/cryptopp/vmac.h
./usr/include/cryptopp/wait.h
./usr/include/cryptopp/wake.h
./usr/include/cryptopp/whrlpool.h
./usr/include/cryptopp/winpipes.h
./usr/include/cryptopp/words.h
./usr/include/cryptopp/xtrcrypt.h
./usr/include/cryptopp/xtr.h
./usr/include/cryptopp/zdeflate.h
./usr/include/cryptopp/zinflate.h
./usr/include/cryptopp/zlib.h
./usr/include/cups/adminutil.h
./usr/include/cups/array.h
./usr/include/cups/backend.h
./usr/include/cups/cgi.h
./usr/include/cups/cups.h
./usr/include/cups/dir.h
./usr/include/cups/driver.h
./usr/include/cups/file.h
./usr/include/cups/help-index.h
./usr/include/cups/http.h
./usr/include/cups/image.h
./usr/include/cups/ipp.h
./usr/include/cups/language.h
./usr/include/cups/mime.h
./usr/include/cups/ppdc.h
./usr/include/cups/ppd.h
./usr/include/cups/raster.h
./usr/include/cups/sidechannel.h
./usr/include/cups/transcode.h
./usr/include/cups/versioning.h
./usr/include/curl/curlbuild.h
./usr/include/curl/curl.h
./usr/include/curl/curlrules.h
./usr/include/curl/curlver.h
./usr/include/curl/easy.h
./usr/include/curl/mprintf.h
./usr/include/curl/multi.h
./usr/include/curl/stdcheaders.h
./usr/include/curl/typecheck-gcc.h
./usr/include/curses.h
./usr/include/db_cxx.h
./usr/include/db.h
./usr/include/dbus-1.0/dbus/dbus-address.h
./usr/include/dbus-1.0/dbus/dbus-bus.h
./usr/include/dbus-1.0/dbus/dbus-connection.h
./usr/include/dbus-1.0/dbus/dbus-errors.h
./usr/include/dbus-1.0/dbus/dbus.h
./usr/include/dbus-1.0/dbus/dbus-macros.h
./usr/include/dbus-1.0/dbus/dbus-memory.h
./usr/include/dbus-1.0/dbus/dbus-message.h
./usr/include/dbus-1.0/dbus/dbus-misc.h
./usr/include/dbus-1.0/dbus/dbus-pending-call.h
./usr/include/dbus-1.0/dbus/dbus-protocol.h
./usr/include/dbus-1.0/dbus/dbus-server.h
./usr/include/dbus-1.0/dbus/dbus-shared.h
./usr/include/dbus-1.0/dbus/dbus-signature.h
./usr/include/dbus-1.0/dbus/dbus-threads.h
./usr/include/dbus-1.0/dbus/dbus-types.h
./usr/include/dlna.h
./usr/include/e2p/e2p.h
./usr/include/entities.h
./usr/include/et/com_err.h
./usr/include/eti.h
./usr/include/evdns.h
./usr/include/event2/buffer_compat.h
./usr/include/event2/bufferevent_compat.h
./usr/include/event2/bufferevent.h
./usr/include/event2/bufferevent_ssl.h
./usr/include/event2/bufferevent_struct.h
./usr/include/event2/buffer.h
./usr/include/event2/dns_compat.h
./usr/include/event2/dns.h
./usr/include/event2/dns_struct.h
./usr/include/event2/event_compat.h
./usr/include/event2/event-config.h
./usr/include/event2/event.h
./usr/include/event2/event_struct.h
./usr/include/event2/http_compat.h
./usr/include/event2/http.h
./usr/include/event2/http_struct.h
./usr/include/event2/keyvalq_struct.h
./usr/include/event2/listener.h
./usr/include/event2/rpc_compat.h
./usr/include/event2/rpc.h
./usr/include/event2/rpc_struct.h
./usr/include/event2/tag_compat.h
./usr/include/event2/tag.h
./usr/include/event2/thread.h
./usr/include/event2/util.h
./usr/include/event2/visibility.h
./usr/include/event.h
./usr/include/evhttp.h
./usr/include/evrpc.h
./usr/include/evutil.h
./usr/include/expat_config.h
./usr/include/expat_external.h
./usr/include/expat.h
./usr/include/ext2fs/bitops.h
./usr/include/ext2fs/ext2_err.h
./usr/include/ext2fs/ext2_ext_attr.h
./usr/include/ext2fs/ext2_fs.h
./usr/include/ext2fs/ext2fs.h
./usr/include/ext2fs/ext2_io.h
./usr/include/ext2fs/ext2_types.h
./usr/include/ext2fs/ext3_extents.h
./usr/include/ext2fs/qcow2.h
./usr/include/ext2fs/tdb.h
./usr/include/faad.h
./usr/include/ffi.h
./usr/include/ffitarget.h
./usr/include/FLAC/all.h
./usr/include/FLAC/assert.h
./usr/include/FLAC/callback.h
./usr/include/FLAC/export.h
./usr/include/FLAC/format.h
./usr/include/FLAC/metadata.h
./usr/include/FLAC/ordinals.h
./usr/include/FLAC/stream_decoder.h
./usr/include/FLAC/stream_encoder.h
./usr/include/form.h
./usr/include/fuse/cuse_lowlevel.h
./usr/include/fuse/fuse_common_compat.h
./usr/include/fuse/fuse_common.h
./usr/include/fuse/fuse_compat.h
./usr/include/fuse/fuse.h
./usr/include/fuse/fuse_lowlevel_compat.h
./usr/include/fuse/fuse_lowlevel.h
./usr/include/fuse/fuse_opt.h
./usr/include/fuse.h
./usr/include/gcrypt.h
./usr/include/gcrypt-module.h
./usr/include/gdbm.h
./usr/include/gdcache.h
./usr/include/gdfontg.h
./usr/include/gdfontl.h
./usr/include/gdfontmb.h
./usr/include/gdfonts.h
./usr/include/gdfontt.h
./usr/include/gdfx.h
./usr/include/gd.h
./usr/include/gd_io.h
./usr/include/gettext-po.h
./usr/include/gio-unix-2.0/gio/gdesktopappinfo.h
./usr/include/gio-unix-2.0/gio/gunixinputstream.h
./usr/include/gio-unix-2.0/gio/gunixmounts.h
./usr/include/gio-unix-2.0/gio/gunixoutputstream.h
./usr/include/glib-2.0/gio/gappinfo.h
./usr/include/glib-2.0/gio/gasyncresult.h
./usr/include/glib-2.0/gio/gbufferedinputstream.h
./usr/include/glib-2.0/gio/gbufferedoutputstream.h
./usr/include/glib-2.0/gio/gcancellable.h
./usr/include/glib-2.0/gio/gcontenttype.h
./usr/include/glib-2.0/gio/gdatainputstream.h
./usr/include/glib-2.0/gio/gdataoutputstream.h
./usr/include/glib-2.0/gio/gdrive.h
./usr/include/glib-2.0/gio/gemblemedicon.h
./usr/include/glib-2.0/gio/gemblem.h
./usr/include/glib-2.0/gio/gfileattribute.h
./usr/include/glib-2.0/gio/gfileenumerator.h
./usr/include/glib-2.0/gio/gfile.h
./usr/include/glib-2.0/gio/gfileicon.h
./usr/include/glib-2.0/gio/gfileinfo.h
./usr/include/glib-2.0/gio/gfileinputstream.h
./usr/include/glib-2.0/gio/gfilemonitor.h
./usr/include/glib-2.0/gio/gfilenamecompleter.h
./usr/include/glib-2.0/gio/gfileoutputstream.h
./usr/include/glib-2.0/gio/gfilterinputstream.h
./usr/include/glib-2.0/gio/gfilteroutputstream.h
./usr/include/glib-2.0/gio/gicon.h
./usr/include/glib-2.0/gio/ginputstream.h
./usr/include/glib-2.0/gio/gioenums.h
./usr/include/glib-2.0/gio/gioenumtypes.h
./usr/include/glib-2.0/gio/gioerror.h
./usr/include/glib-2.0/gio/gio.h
./usr/include/glib-2.0/gio/giomodule.h
./usr/include/glib-2.0/gio/gioscheduler.h
./usr/include/glib-2.0/gio/giotypes.h
./usr/include/glib-2.0/gio/gloadableicon.h
./usr/include/glib-2.0/gio/gmemoryinputstream.h
./usr/include/glib-2.0/gio/gmemoryoutputstream.h
./usr/include/glib-2.0/gio/gmount.h
./usr/include/glib-2.0/gio/gmountoperation.h
./usr/include/glib-2.0/gio/gnativevolumemonitor.h
./usr/include/glib-2.0/gio/goutputstream.h
./usr/include/glib-2.0/gio/gseekable.h
./usr/include/glib-2.0/gio/gsimpleasyncresult.h
./usr/include/glib-2.0/gio/gthemedicon.h
./usr/include/glib-2.0/gio/gvfs.h
./usr/include/glib-2.0/gio/gvolume.h
./usr/include/glib-2.0/gio/gvolumemonitor.h
./usr/include/glib-2.0/glib/galloca.h
./usr/include/glib-2.0/glib/garray.h
./usr/include/glib-2.0/glib/gasyncqueue.h
./usr/include/glib-2.0/glib/gatomic.h
./usr/include/glib-2.0/glib/gbacktrace.h
./usr/include/glib-2.0/glib/gbase64.h
./usr/include/glib-2.0/glib/gbookmarkfile.h
./usr/include/glib-2.0/glib/gcache.h
./usr/include/glib-2.0/glib/gchecksum.h
./usr/include/glib-2.0/glib/gcompletion.h
./usr/include/glib-2.0/glib/gconvert.h
./usr/include/glib-2.0/glib/gdataset.h
./usr/include/glib-2.0/glib/gdate.h
./usr/include/glib-2.0/glib/gdir.h
./usr/include/glib-2.0/glib/gerror.h
./usr/include/glib-2.0/glib/gfileutils.h
./usr/include/glib-2.0/glib/ghash.h
./usr/include/glib-2.0/glib/ghook.h
./usr/include/glib-2.0/glib/gi18n.h
./usr/include/glib-2.0/glib/gi18n-lib.h
./usr/include/glib-2.0/glib/giochannel.h
./usr/include/glib-2.0/glib/gkeyfile.h
./usr/include/glib-2.0/glib/glist.h
./usr/include/glib-2.0/glib/gmacros.h
./usr/include/glib-2.0/glib/gmain.h
./usr/include/glib-2.0/glib/gmappedfile.h
./usr/include/glib-2.0/glib/gmarkup.h
./usr/include/glib-2.0/glib/gmem.h
./usr/include/glib-2.0/glib/gmessages.h
./usr/include/glib-2.0/glib/gnode.h
./usr/include/glib-2.0/glib/goption.h
./usr/include/glib-2.0/glib/gpattern.h
./usr/include/glib-2.0/glib/gpoll.h
./usr/include/glib-2.0/glib/gprimes.h
./usr/include/glib-2.0/glib/gprintf.h
./usr/include/glib-2.0/glib/gqsort.h
./usr/include/glib-2.0/glib/gquark.h
./usr/include/glib-2.0/glib/gqueue.h
./usr/include/glib-2.0/glib/grand.h
./usr/include/glib-2.0/glib/gregex.h
./usr/include/glib-2.0/glib/grel.h
./usr/include/glib-2.0/glib/gscanner.h
./usr/include/glib-2.0/glib/gsequence.h
./usr/include/glib-2.0/glib/gshell.h
./usr/include/glib-2.0/glib/gslice.h
./usr/include/glib-2.0/glib/gslist.h
./usr/include/glib-2.0/glib/gspawn.h
./usr/include/glib-2.0/glib/gstdio.h
./usr/include/glib-2.0/glib/gstrfuncs.h
./usr/include/glib-2.0/glib/gstring.h
./usr/include/glib-2.0/glib/gtestutils.h
./usr/include/glib-2.0/glib/gthread.h
./usr/include/glib-2.0/glib/gthreadpool.h
./usr/include/glib-2.0/glib/gtimer.h
./usr/include/glib-2.0/glib/gtree.h
./usr/include/glib-2.0/glib/gtypes.h
./usr/include/glib-2.0/glib/gunicode.h
./usr/include/glib-2.0/glib/gurifuncs.h
./usr/include/glib-2.0/glib/gutils.h
./usr/include/glib-2.0/glib/gwin32.h
./usr/include/glib-2.0/glib.h
./usr/include/glib-2.0/glib-object.h
./usr/include/glib-2.0/gmodule.h
./usr/include/glib-2.0/gobject/gboxed.h
./usr/include/glib-2.0/gobject/gclosure.h
./usr/include/glib-2.0/gobject/genums.h
./usr/include/glib-2.0/gobject/gmarshal.h
./usr/include/glib-2.0/gobject/gobject.h
./usr/include/glib-2.0/gobject/gobjectnotifyqueue.c
./usr/include/glib-2.0/gobject/gparam.h
./usr/include/glib-2.0/gobject/gparamspecs.h
./usr/include/glib-2.0/gobject/gsignal.h
./usr/include/glib-2.0/gobject/gsourceclosure.h
./usr/include/glib-2.0/gobject/gtype.h
./usr/include/glib-2.0/gobject/gtypemodule.h
./usr/include/glib-2.0/gobject/gtypeplugin.h
./usr/include/glib-2.0/gobject/gvaluearray.h
./usr/include/glib-2.0/gobject/gvaluecollector.h
./usr/include/glib-2.0/gobject/gvalue.h
./usr/include/glib-2.0/gobject/gvaluetypes.h
./usr/include/gpg-error.h
./usr/include/iconv.h
./usr/include/id3tag.h
./usr/include/jconfig.h
./usr/include/jerror.h
./usr/include/jmorecfg.h
./usr/include/jpeglib.h
./usr/include/lame/lame.h
./usr/include/liba2ps.h
./usr/include/libavcodec/avcodec.h
./usr/include/libavcodec/avfft.h
./usr/include/libavcodec/dv_profile.h
./usr/include/libavcodec/dxva2.h
./usr/include/libavcodec/old_codec_ids.h
./usr/include/libavcodec/qsv.h
./usr/include/libavcodec/vaapi.h
./usr/include/libavcodec/vda.h
./usr/include/libavcodec/vdpau.h
./usr/include/libavcodec/version.h
./usr/include/libavcodec/vorbis_parser.h
./usr/include/libavcodec/xvmc.h
./usr/include/libavdevice/avdevice.h
./usr/include/libavdevice/version.h
./usr/include/libavfilter/asrc_abuffer.h
./usr/include/libavfilter/avcodec.h
./usr/include/libavfilter/avfiltergraph.h
./usr/include/libavfilter/avfilter.h
./usr/include/libavfilter/buffersink.h
./usr/include/libavfilter/buffersrc.h
./usr/include/libavfilter/version.h
./usr/include/libavformat/avformat.h
./usr/include/libavformat/avio.h
./usr/include/libavformat/version.h
./usr/include/libavutil/adler32.h
./usr/include/libavutil/aes.h
./usr/include/libavutil/attributes.h
./usr/include/libavutil/audioconvert.h
./usr/include/libavutil/audio_fifo.h
./usr/include/libavutil/avassert.h
./usr/include/libavutil/avconfig.h
./usr/include/libavutil/avstring.h
./usr/include/libavutil/avutil.h
./usr/include/libavutil/base64.h
./usr/include/libavutil/blowfish.h
./usr/include/libavutil/bprint.h
./usr/include/libavutil/bswap.h
./usr/include/libavutil/buffer.h
./usr/include/libavutil/camellia.h
./usr/include/libavutil/cast5.h
./usr/include/libavutil/channel_layout.h
./usr/include/libavutil/common.h
./usr/include/libavutil/cpu.h
./usr/include/libavutil/crc.h
./usr/include/libavutil/dict.h
./usr/include/libavutil/display.h
./usr/include/libavutil/downmix_info.h
./usr/include/libavutil/error.h
./usr/include/libavutil/eval.h
./usr/include/libavutil/ffversion.h
./usr/include/libavutil/fifo.h
./usr/include/libavutil/file.h
./usr/include/libavutil/frame.h
./usr/include/libavutil/hash.h
./usr/include/libavutil/hmac.h
./usr/include/libavutil/imgutils.h
./usr/include/libavutil/intfloat.h
./usr/include/libavutil/intreadwrite.h
./usr/include/libavutil/lfg.h
./usr/include/libavutil/log.h
./usr/include/libavutil/lzo.h
./usr/include/libavutil/macros.h
./usr/include/libavutil/mathematics.h
./usr/include/libavutil/md5.h
./usr/include/libavutil/mem.h
./usr/include/libavutil/motion_vector.h
./usr/include/libavutil/murmur3.h
./usr/include/libavutil/old_pix_fmts.h
./usr/include/libavutil/opt.h
./usr/include/libavutil/parseutils.h
./usr/include/libavutil/pixdesc.h
./usr/include/libavutil/pixelutils.h
./usr/include/libavutil/pixfmt.h
./usr/include/libavutil/random_seed.h
./usr/include/libavutil/rational.h
./usr/include/libavutil/replaygain.h
./usr/include/libavutil/ripemd.h
./usr/include/libavutil/samplefmt.h
./usr/include/libavutil/sha512.h
./usr/include/libavutil/sha.h
./usr/include/libavutil/stereo3d.h
./usr/include/libavutil/threadmessage.h
./usr/include/libavutil/timecode.h
./usr/include/libavutil/time.h
./usr/include/libavutil/timestamp.h
./usr/include/libavutil/twofish.h
./usr/include/libavutil/version.h
./usr/include/libavutil/xtea.h
./usr/include/libcharset.h
./usr/include/libdaemon/daemon.h
./usr/include/libdaemon/dexec.h
./usr/include/libdaemon/dfork.h
./usr/include/libdaemon/dlog.h
./usr/include/libdaemon/dnonblock.h
./usr/include/libdaemon/dpid.h
./usr/include/libdaemon/dsignal.h
./usr/include/libdevmapper.h
./usr/include/libexif/exif-byte-order.h
./usr/include/libexif/exif-content.h
./usr/include/libexif/exif-data.h
./usr/include/libexif/exif-data-type.h
./usr/include/libexif/exif-entry.h
./usr/include/libexif/exif-format.h
./usr/include/libexif/exif-ifd.h
./usr/include/libexif/exif-loader.h
./usr/include/libexif/exif-log.h
./usr/include/libexif/exif-mem.h
./usr/include/libexif/exif-mnote-data.h
./usr/include/libexif/exif-tag.h
./usr/include/libexif/exif-utils.h
./usr/include/libexif/_stdint.h
./usr/include/libexslt/exsltconfig.h
./usr/include/libexslt/exsltexports.h
./usr/include/libexslt/exslt.h
./usr/include/libffmpegthumbnailer/filmstripfilter.h
./usr/include/libffmpegthumbnailer/ifilter.h
./usr/include/libffmpegthumbnailer/imagetypes.h
./usr/include/libffmpegthumbnailer/videoframe.h
./usr/include/libffmpegthumbnailer/videothumbnailerc.h
./usr/include/libffmpegthumbnailer/videothumbnailer.h
./usr/include/libintl.h
./usr/include/libipkg/args.h
./usr/include/libipkg/conffile.h
./usr/include/libipkg/conffile_list.h
./usr/include/libipkg/config.h
./usr/include/libipkg/hash_table.h
./usr/include/libipkg/includes.h
./usr/include/libipkg/ipkg_conf.h
./usr/include/libipkg/ipkg.h
./usr/include/libipkg/ipkg_message.h
./usr/include/libipkg/libipkg.h
./usr/include/libipkg/nv_pair.h
./usr/include/libipkg/nv_pair_list.h
./usr/include/libipkg/pkg_depends.h
./usr/include/libipkg/pkg_dest.h
./usr/include/libipkg/pkg_dest_list.h
./usr/include/libipkg/pkg.h
./usr/include/libipkg/pkg_hash.h
./usr/include/libipkg/pkg_src.h
./usr/include/libipkg/pkg_src_list.h
./usr/include/libipkg/pkg_vec.h
./usr/include/libipkg/str_list.h
./usr/include/libipkg/void_list.h
./usr/include/libnl3/netlink/addr.h
./usr/include/libnl3/netlink/attr.h
./usr/include/libnl3/netlink/cache-api.h
./usr/include/libnl3/netlink/cache.h
./usr/include/libnl3/netlink/cli/addr.h
./usr/include/libnl3/netlink/cli/class.h
./usr/include/libnl3/netlink/cli/cls.h
./usr/include/libnl3/netlink/cli/ct.h
./usr/include/libnl3/netlink/cli/exp.h
./usr/include/libnl3/netlink/cli/link.h
./usr/include/libnl3/netlink/cli/neigh.h
./usr/include/libnl3/netlink/cli/qdisc.h
./usr/include/libnl3/netlink/cli/route.h
./usr/include/libnl3/netlink/cli/rule.h
./usr/include/libnl3/netlink/cli/tc.h
./usr/include/libnl3/netlink/cli/utils.h
./usr/include/libnl3/netlink/data.h
./usr/include/libnl3/netlink/errno.h
./usr/include/libnl3/netlink/fib_lookup/lookup.h
./usr/include/libnl3/netlink/fib_lookup/request.h
./usr/include/libnl3/netlink/genl/ctrl.h
./usr/include/libnl3/netlink/genl/family.h
./usr/include/libnl3/netlink/genl/genl.h
./usr/include/libnl3/netlink/genl/mngt.h
./usr/include/libnl3/netlink/handlers.h
./usr/include/libnl3/netlink/hash.h
./usr/include/libnl3/netlink/hashtable.h
./usr/include/libnl3/netlink/idiag/idiagnl.h
./usr/include/libnl3/netlink/idiag/meminfo.h
./usr/include/libnl3/netlink/idiag/msg.h
./usr/include/libnl3/netlink/idiag/req.h
./usr/include/libnl3/netlink/idiag/vegasinfo.h
./usr/include/libnl3/netlink/list.h
./usr/include/libnl3/netlink/msg.h
./usr/include/libnl3/netlink/netfilter/ct.h
./usr/include/libnl3/netlink/netfilter/exp.h
./usr/include/libnl3/netlink/netfilter/log.h
./usr/include/libnl3/netlink/netfilter/log_msg.h
./usr/include/libnl3/netlink/netfilter/netfilter.h
./usr/include/libnl3/netlink/netfilter/nfnl.h
./usr/include/libnl3/netlink/netfilter/queue.h
./usr/include/libnl3/netlink/netfilter/queue_msg.h
./usr/include/libnl3/netlink/netlink-compat.h
./usr/include/libnl3/netlink/netlink.h
./usr/include/libnl3/netlink/netlink-kernel.h
./usr/include/libnl3/netlink/object-api.h
./usr/include/libnl3/netlink/object.h
./usr/include/libnl3/netlink/route/action.h
./usr/include/libnl3/netlink/route/act/mirred.h
./usr/include/libnl3/netlink/route/addr.h
./usr/include/libnl3/netlink/route/class.h
./usr/include/libnl3/netlink/route/classifier.h
./usr/include/libnl3/netlink/route/cls/basic.h
./usr/include/libnl3/netlink/route/cls/cgroup.h
./usr/include/libnl3/netlink/route/cls/ematch/cmp.h
./usr/include/libnl3/netlink/route/cls/ematch.h
./usr/include/libnl3/netlink/route/cls/ematch/meta.h
./usr/include/libnl3/netlink/route/cls/ematch/nbyte.h
./usr/include/libnl3/netlink/route/cls/ematch/text.h
./usr/include/libnl3/netlink/route/cls/fw.h
./usr/include/libnl3/netlink/route/cls/police.h
./usr/include/libnl3/netlink/route/cls/u32.h
./usr/include/libnl3/netlink/route/link/api.h
./usr/include/libnl3/netlink/route/link/bonding.h
./usr/include/libnl3/netlink/route/link/bridge.h
./usr/include/libnl3/netlink/route/link/can.h
./usr/include/libnl3/netlink/route/link.h
./usr/include/libnl3/netlink/route/link/inet.h
./usr/include/libnl3/netlink/route/link/info-api.h
./usr/include/libnl3/netlink/route/link/ip6tnl.h
./usr/include/libnl3/netlink/route/link/ipgre.h
./usr/include/libnl3/netlink/route/link/ipip.h
./usr/include/libnl3/netlink/route/link/ipvti.h
./usr/include/libnl3/netlink/route/link/macvlan.h
./usr/include/libnl3/netlink/route/link/sit.h
./usr/include/libnl3/netlink/route/link/veth.h
./usr/include/libnl3/netlink/route/link/vlan.h
./usr/include/libnl3/netlink/route/link/vxlan.h
./usr/include/libnl3/netlink/route/neighbour.h
./usr/include/libnl3/netlink/route/neightbl.h
./usr/include/libnl3/netlink/route/nexthop.h
./usr/include/libnl3/netlink/route/pktloc.h
./usr/include/libnl3/netlink/route/qdisc/cbq.h
./usr/include/libnl3/netlink/route/qdisc/dsmark.h
./usr/include/libnl3/netlink/route/qdisc/fifo.h
./usr/include/libnl3/netlink/route/qdisc/fq_codel.h
./usr/include/libnl3/netlink/route/qdisc.h
./usr/include/libnl3/netlink/route/qdisc/htb.h
./usr/include/libnl3/netlink/route/qdisc/netem.h
./usr/include/libnl3/netlink/route/qdisc/plug.h
./usr/include/libnl3/netlink/route/qdisc/prio.h
./usr/include/libnl3/netlink/route/qdisc/red.h
./usr/include/libnl3/netlink/route/qdisc/sfq.h
./usr/include/libnl3/netlink/route/qdisc/tbf.h
./usr/include/libnl3/netlink/route/route.h
./usr/include/libnl3/netlink/route/rtnl.h
./usr/include/libnl3/netlink/route/rule.h
./usr/include/libnl3/netlink/route/tc-api.h
./usr/include/libnl3/netlink/route/tc.h
./usr/include/libnl3/netlink/socket.h
./usr/include/libnl3/netlink/types.h
./usr/include/libnl3/netlink/utils.h
./usr/include/libnl3/netlink/version.h
./usr/include/libpar2/commandline.h
./usr/include/libpar2/config.h
./usr/include/libpar2/crc.h
./usr/include/libpar2/creatorpacket.h
./usr/include/libpar2/criticalpacket.h
./usr/include/libpar2/datablock.h
./usr/include/libpar2/descriptionpacket.h
./usr/include/libpar2/diskfile.h
./usr/include/libpar2/filechecksummer.h
./usr/include/libpar2/galois.h
./usr/include/libpar2/letype.h
./usr/include/libpar2/libpar2.h
./usr/include/libpar2/mainpacket.h
./usr/include/libpar2/md5.h
./usr/include/libpar2/par1fileformat.h
./usr/include/libpar2/par1repairer.h
./usr/include/libpar2/par1repairersourcefile.h
./usr/include/libpar2/par2cmdline.h
./usr/include/libpar2/par2creator.h
./usr/include/libpar2/par2creatorsourcefile.h
./usr/include/libpar2/par2fileformat.h
./usr/include/libpar2/par2repairer.h
./usr/include/libpar2/par2repairersourcefile.h
./usr/include/libpar2/parheaders.h
./usr/include/libpar2/recoverypacket.h
./usr/include/libpar2/reedsolomon.h
./usr/include/libpar2/verificationhashtable.h
./usr/include/libpar2/verificationpacket.h
./usr/include/libpng12/pngconf.h
./usr/include/libpng12/png.h
./usr/include/librsync-config.h
./usr/include/librsync.h
./usr/include/libswresample/swresample.h
./usr/include/libswresample/version.h
./usr/include/libswscale/swscale.h
./usr/include/libswscale/version.h
./usr/include/libxml2/libxml/c14n.h
./usr/include/libxml2/libxml/catalog.h
./usr/include/libxml2/libxml/chvalid.h
./usr/include/libxml2/libxml/debugXML.h
./usr/include/libxml2/libxml/dict.h
./usr/include/libxml2/libxml/DOCBparser.h
./usr/include/libxml2/libxml/encoding.h
./usr/include/libxml2/libxml/entities.h
./usr/include/libxml2/libxml/globals.h
./usr/include/libxml2/libxml/hash.h
./usr/include/libxml2/libxml/HTMLparser.h
./usr/include/libxml2/libxml/HTMLtree.h
./usr/include/libxml2/libxml/list.h
./usr/include/libxml2/libxml/nanoftp.h
./usr/include/libxml2/libxml/nanohttp.h
./usr/include/libxml2/libxml/parser.h
./usr/include/libxml2/libxml/parserInternals.h
./usr/include/libxml2/libxml/pattern.h
./usr/include/libxml2/libxml/relaxng.h
./usr/include/libxml2/libxml/SAX2.h
./usr/include/libxml2/libxml/SAX.h
./usr/include/libxml2/libxml/schemasInternals.h
./usr/include/libxml2/libxml/schematron.h
./usr/include/libxml2/libxml/threads.h
./usr/include/libxml2/libxml/tree.h
./usr/include/libxml2/libxml/uri.h
./usr/include/libxml2/libxml/valid.h
./usr/include/libxml2/libxml/xinclude.h
./usr/include/libxml2/libxml/xlink.h
./usr/include/libxml2/libxml/xmlautomata.h
./usr/include/libxml2/libxml/xmlerror.h
./usr/include/libxml2/libxml/xmlexports.h
./usr/include/libxml2/libxml/xmlIO.h
./usr/include/libxml2/libxml/xmlmemory.h
./usr/include/libxml2/libxml/xmlmodule.h
./usr/include/libxml2/libxml/xmlreader.h
./usr/include/libxml2/libxml/xmlregexp.h
./usr/include/libxml2/libxml/xmlsave.h
./usr/include/libxml2/libxml/xmlschemas.h
./usr/include/libxml2/libxml/xmlschemastypes.h
./usr/include/libxml2/libxml/xmlstring.h
./usr/include/libxml2/libxml/xmlunicode.h
./usr/include/libxml2/libxml/xmlversion.h
./usr/include/libxml2/libxml/xmlwriter.h
./usr/include/libxml2/libxml/xpath.h
./usr/include/libxml2/libxml/xpathInternals.h
./usr/include/libxml2/libxml/xpointer.h
./usr/include/libxslt/attributes.h
./usr/include/libxslt/documents.h
./usr/include/libxslt/extensions.h
./usr/include/libxslt/extra.h
./usr/include/libxslt/functions.h
./usr/include/libxslt/imports.h
./usr/include/libxslt/keys.h
./usr/include/libxslt/namespaces.h
./usr/include/libxslt/numbersInternals.h
./usr/include/libxslt/pattern.h
./usr/include/libxslt/preproc.h
./usr/include/libxslt/security.h
./usr/include/libxslt/templates.h
./usr/include/libxslt/transform.h
./usr/include/libxslt/variables.h
./usr/include/libxslt/xsltconfig.h
./usr/include/libxslt/xsltexports.h
./usr/include/libxslt/xslt.h
./usr/include/libxslt/xsltInternals.h
./usr/include/libxslt/xsltlocale.h
./usr/include/libxslt/xsltutils.h
./usr/include/localcharset.h
./usr/include/lzma/base.h
./usr/include/lzma/bcj.h
./usr/include/lzma/block.h
./usr/include/lzma/check.h
./usr/include/lzma/container.h
./usr/include/lzma/delta.h
./usr/include/lzma/filter.h
./usr/include/lzma.h
./usr/include/lzma/hardware.h
./usr/include/lzma/index.h
./usr/include/lzma/index_hash.h
./usr/include/lzma/lzma.h
./usr/include/lzma/stream_flags.h
./usr/include/lzma/version.h
./usr/include/lzma/vli.h
./usr/include/lzo/lzo1a.h
./usr/include/lzo/lzo1b.h
./usr/include/lzo/lzo1c.h
./usr/include/lzo/lzo1f.h
./usr/include/lzo/lzo1.h
./usr/include/lzo/lzo1x.h
./usr/include/lzo/lzo1y.h
./usr/include/lzo/lzo1z.h
./usr/include/lzo/lzo2a.h
./usr/include/lzo/lzo_asm.h
./usr/include/lzo/lzoconf.h
./usr/include/lzo/lzodefs.h
./usr/include/lzo/lzoutil.h
./usr/include/mad.h
./usr/include/magic.h
./usr/include/mcrypt.h
./usr/include/menu.h
./usr/include/mp4ff.h
./usr/include/mp4ffint.h
./usr/include/mpg123.h
./usr/include/mutils/mcrypt.h
./usr/include/mxml.h
./usr/include/mysql/decimal.h
./usr/include/mysql/errmsg.h
./usr/include/mysql/keycache.h
./usr/include/mysql/m_ctype.h
./usr/include/mysql/m_string.h
./usr/include/mysql/my_alloc.h
./usr/include/mysql/my_attribute.h
./usr/include/mysql/my_compiler.h
./usr/include/mysql/my_config.h
./usr/include/mysql/my_dbug.h
./usr/include/mysql/my_dir.h
./usr/include/mysql/my_getopt.h
./usr/include/mysql/my_global.h
./usr/include/mysql/my_list.h
./usr/include/mysql/my_net.h
./usr/include/mysql/my_no_pthread.h
./usr/include/mysql/my_pthread.h
./usr/include/mysql/mysql_com.h
./usr/include/mysql/mysqld_ername.h
./usr/include/mysql/mysqld_error.h
./usr/include/mysql/mysql_embed.h
./usr/include/mysql/mysql.h
./usr/include/mysql/mysql_time.h
./usr/include/mysql/mysql_version.h
./usr/include/mysql/my_sys.h
./usr/include/mysql/my_xml.h
./usr/include/mysql/plugin.h
./usr/include/mysql/sql_common.h
./usr/include/mysql/sql_state.h
./usr/include/mysql/sslopt-case.h
./usr/include/mysql/sslopt-longopts.h
./usr/include/mysql/sslopt-vars.h
./usr/include/mysql/typelib.h
./usr/include/ncurses_dll.h
./usr/include/neaacdec.h
./usr/include/neon/ne_207.h
./usr/include/neon/ne_acl3744.h
./usr/include/neon/ne_acl.h
./usr/include/neon/ne_alloc.h
./usr/include/neon/ne_auth.h
./usr/include/neon/ne_basic.h
./usr/include/neon/ne_compress.h
./usr/include/neon/ne_dates.h
./usr/include/neon/ne_defs.h
./usr/include/neon/ne_i18n.h
./usr/include/neon/ne_locks.h
./usr/include/neon/ne_md5.h
./usr/include/neon/ne_pkcs11.h
./usr/include/neon/ne_props.h
./usr/include/neon/ne_redirect.h
./usr/include/neon/ne_request.h
./usr/include/neon/ne_session.h
./usr/include/neon/ne_socket.h
./usr/include/neon/ne_ssl.h
./usr/include/neon/ne_string.h
./usr/include/neon/ne_uri.h
./usr/include/neon/ne_utils.h
./usr/include/neon/ne_xml.h
./usr/include/neon/ne_xmlreq.h
./usr/include/net-snmp/agent/agent_callbacks.h
./usr/include/net-snmp/agent/agent_handler.h
./usr/include/net-snmp/agent/agent_index.h
./usr/include/net-snmp/agent/agent_module_config.h
./usr/include/net-snmp/agent/agent_read_config.h
./usr/include/net-snmp/agent/agent_registry.h
./usr/include/net-snmp/agent/agent_sysORTable.h
./usr/include/net-snmp/agent/agent_trap.h
./usr/include/net-snmp/agent/all_helpers.h
./usr/include/net-snmp/agent/auto_nlist.h
./usr/include/net-snmp/agent/baby_steps.h
./usr/include/net-snmp/agent/bulk_to_next.h
./usr/include/net-snmp/agent/cache_handler.h
./usr/include/net-snmp/agent/debug_handler.h
./usr/include/net-snmp/agent/ds_agent.h
./usr/include/net-snmp/agent/header_complex.h
./usr/include/net-snmp/agent/instance.h
./usr/include/net-snmp/agent/mfd.h
./usr/include/net-snmp/agent/mib_module_config.h
./usr/include/net-snmp/agent/mib_module_includes.h
./usr/include/net-snmp/agent/mib_modules.h
./usr/include/net-snmp/agent/mode_end_call.h
./usr/include/net-snmp/agent/multiplexer.h
./usr/include/net-snmp/agent/net-snmp-agent-includes.h
./usr/include/net-snmp/agent/null.h
./usr/include/net-snmp/agent/old_api.h
./usr/include/net-snmp/agent/read_only.h
./usr/include/net-snmp/agent/row_merge.h
./usr/include/net-snmp/agent/scalar_group.h
./usr/include/net-snmp/agent/scalar.h
./usr/include/net-snmp/agent/serialize.h
./usr/include/net-snmp/agent/set_helper.h
./usr/include/net-snmp/agent/snmp_agent.h
./usr/include/net-snmp/agent/snmp_get_statistic.h
./usr/include/net-snmp/agent/snmp_vars.h
./usr/include/net-snmp/agent/stash_cache.h
./usr/include/net-snmp/agent/stash_to_next.h
./usr/include/net-snmp/agent/struct.h
./usr/include/net-snmp/agent/sysORTable.h
./usr/include/net-snmp/agent/table_array.h
./usr/include/net-snmp/agent/table_container.h
./usr/include/net-snmp/agent/table_data.h
./usr/include/net-snmp/agent/table_dataset.h
./usr/include/net-snmp/agent/table.h
./usr/include/net-snmp/agent/table_iterator.h
./usr/include/net-snmp/agent/table_tdata.h
./usr/include/net-snmp/agent/util_funcs.h
./usr/include/net-snmp/agent/util_funcs/header_generic.h
./usr/include/net-snmp/agent/util_funcs/header_simple_table.h
./usr/include/net-snmp/agent/util_funcs/MIB_STATS_CACHE_TIMEOUT.h
./usr/include/net-snmp/agent/var_struct.h
./usr/include/net-snmp/agent/watcher.h
./usr/include/net-snmp/config_api.h
./usr/include/net-snmp/definitions.h
./usr/include/net-snmp/library/asn1.h
./usr/include/net-snmp/library/callback.h
./usr/include/net-snmp/library/cert_util.h
./usr/include/net-snmp/library/check_varbind.h
./usr/include/net-snmp/library/container_binary_array.h
./usr/include/net-snmp/library/container.h
./usr/include/net-snmp/library/container_iterator.h
./usr/include/net-snmp/library/container_list_ssll.h
./usr/include/net-snmp/library/container_null.h
./usr/include/net-snmp/library/data_list.h
./usr/include/net-snmp/library/default_store.h
./usr/include/net-snmp/library/dir_utils.h
./usr/include/net-snmp/library/factory.h
./usr/include/net-snmp/library/fd_event_manager.h
./usr/include/net-snmp/library/file_utils.h
./usr/include/net-snmp/library/getopt.h
./usr/include/net-snmp/library/int64.h
./usr/include/net-snmp/library/keytools.h
./usr/include/net-snmp/library/large_fd_set.h
./usr/include/net-snmp/library/lcd_time.h
./usr/include/net-snmp/library/md5.h
./usr/include/net-snmp/library/mib.h
./usr/include/net-snmp/library/mibincl.h
./usr/include/net-snmp/library/mt_support.h
./usr/include/net-snmp/library/oid.h
./usr/include/net-snmp/library/oid_stash.h
./usr/include/net-snmp/library/parse.h
./usr/include/net-snmp/library/read_config.h
./usr/include/net-snmp/library/README
./usr/include/net-snmp/library/scapi.h
./usr/include/net-snmp/library/snmp_alarm.h
./usr/include/net-snmp/library/snmpAliasDomain.h
./usr/include/net-snmp/library/snmp_api.h
./usr/include/net-snmp/library/snmp_assert.h
./usr/include/net-snmp/library/snmpCallbackDomain.h
./usr/include/net-snmp/library/snmp_client.h
./usr/include/net-snmp/library/snmp_debug.h
./usr/include/net-snmp/library/snmp_enum.h
./usr/include/net-snmp/library/snmp.h
./usr/include/net-snmp/library/snmp_impl.h
./usr/include/net-snmp/library/snmpIPv4BaseDomain.h
./usr/include/net-snmp/library/snmp_logging.h
./usr/include/net-snmp/library/snmp_parse_args.h
./usr/include/net-snmp/library/snmp_secmod.h
./usr/include/net-snmp/library/snmp_service.h
./usr/include/net-snmp/library/snmpSocketBaseDomain.h
./usr/include/net-snmp/library/snmp-tc.h
./usr/include/net-snmp/library/snmpTCPBaseDomain.h
./usr/include/net-snmp/library/snmpTCPDomain.h
./usr/include/net-snmp/library/snmp_transport.h
./usr/include/net-snmp/library/snmpUDPBaseDomain.h
./usr/include/net-snmp/library/snmpUDPDomain.h
./usr/include/net-snmp/library/snmpUDPIPv4BaseDomain.h
./usr/include/net-snmp/library/snmpUnixDomain.h
./usr/include/net-snmp/library/snmpusm.h
./usr/include/net-snmp/library/snmpv3.h
./usr/include/net-snmp/library/snmpv3-security-includes.h
./usr/include/net-snmp/library/system.h
./usr/include/net-snmp/library/text_utils.h
./usr/include/net-snmp/library/tools.h
./usr/include/net-snmp/library/transform_oids.h
./usr/include/net-snmp/library/types.h
./usr/include/net-snmp/library/ucd_compat.h
./usr/include/net-snmp/library/vacm.h
./usr/include/net-snmp/library/winpipe.h
./usr/include/net-snmp/library/winservice.h
./usr/include/net-snmp/machine/generic.h
./usr/include/net-snmp/mib_api.h
./usr/include/net-snmp/net-snmp-config.h
./usr/include/net-snmp/net-snmp-features.h
./usr/include/net-snmp/net-snmp-includes.h
./usr/include/net-snmp/output_api.h
./usr/include/net-snmp/pdu_api.h
./usr/include/net-snmp/session_api.h
./usr/include/net-snmp/snmpv3_api.h
./usr/include/net-snmp/system/aix.h
./usr/include/net-snmp/system/bsd.h
./usr/include/net-snmp/system/bsdi3.h
./usr/include/net-snmp/system/bsdi4.h
./usr/include/net-snmp/system/bsdi.h
./usr/include/net-snmp/system/cygwin.h
./usr/include/net-snmp/system/darwin10.h
./usr/include/net-snmp/system/darwin7.h
./usr/include/net-snmp/system/darwin8.h
./usr/include/net-snmp/system/darwin9.h
./usr/include/net-snmp/system/darwin.h
./usr/include/net-snmp/system/dragonfly.h
./usr/include/net-snmp/system/dynix.h
./usr/include/net-snmp/system/freebsd10.h
./usr/include/net-snmp/system/freebsd11.h
./usr/include/net-snmp/system/freebsd12.h
./usr/include/net-snmp/system/freebsd2.h
./usr/include/net-snmp/system/freebsd3.h
./usr/include/net-snmp/system/freebsd4.h
./usr/include/net-snmp/system/freebsd5.h
./usr/include/net-snmp/system/freebsd6.h
./usr/include/net-snmp/system/freebsd7.h
./usr/include/net-snmp/system/freebsd8.h
./usr/include/net-snmp/system/freebsd9.h
./usr/include/net-snmp/system/freebsd.h
./usr/include/net-snmp/system/generic.h
./usr/include/net-snmp/system/hpux.h
./usr/include/net-snmp/system/irix.h
./usr/include/net-snmp/system/linux.h
./usr/include/net-snmp/system/mingw32.h
./usr/include/net-snmp/system/mips.h
./usr/include/net-snmp/system/netbsd.h
./usr/include/net-snmp/system/openbsd4.h
./usr/include/net-snmp/system/openbsd5.h
./usr/include/net-snmp/system/openbsd.h
./usr/include/net-snmp/system/osf5.h
./usr/include/net-snmp/system/solaris2.3.h
./usr/include/net-snmp/system/solaris2.4.h
./usr/include/net-snmp/system/solaris2.5.h
./usr/include/net-snmp/system/solaris2.6.h
./usr/include/net-snmp/system/solaris.h
./usr/include/net-snmp/system/sunos.h
./usr/include/net-snmp/system/svr5.h
./usr/include/net-snmp/system/sysv.h
./usr/include/net-snmp/system/ultrix4.h
./usr/include/net-snmp/types.h
./usr/include/net-snmp/util_funcs.h
./usr/include/net-snmp/utilities.h
./usr/include/net-snmp/varbind_api.h
./usr/include/net-snmp/version.h
./usr/include/ogg/config_types.h
./usr/include/ogg/ogg.h
./usr/include/ogg/os_types.h
./usr/include/openssl/aes.h
./usr/include/openssl/asn1.h
./usr/include/openssl/asn1_mac.h
./usr/include/openssl/asn1t.h
./usr/include/openssl/bio.h
./usr/include/openssl/blowfish.h
./usr/include/openssl/bn.h
./usr/include/openssl/buffer.h
./usr/include/openssl/cast.h
./usr/include/openssl/cmac.h
./usr/include/openssl/cms.h
./usr/include/openssl/conf_api.h
./usr/include/openssl/conf.h
./usr/include/openssl/crypto.h
./usr/include/openssl/des.h
./usr/include/openssl/des_old.h
./usr/include/openssl/dh.h
./usr/include/openssl/dsa.h
./usr/include/openssl/dso.h
./usr/include/openssl/dtls1.h
./usr/include/openssl/ebcdic.h
./usr/include/openssl/ecdh.h
./usr/include/openssl/ecdsa.h
./usr/include/openssl/ec.h
./usr/include/openssl/engine.h
./usr/include/openssl/e_os2.h
./usr/include/openssl/err.h
./usr/include/openssl/evp.h
./usr/include/openssl/hmac.h
./usr/include/openssl/krb5_asn.h
./usr/include/openssl/kssl.h
./usr/include/openssl/lhash.h
./usr/include/openssl/md4.h
./usr/include/openssl/md5.h
./usr/include/openssl/modes.h
./usr/include/openssl/objects.h
./usr/include/openssl/obj_mac.h
./usr/include/openssl/ocsp.h
./usr/include/openssl/opensslconf.h
./usr/include/openssl/opensslv.h
./usr/include/openssl/ossl_typ.h
./usr/include/openssl/pem2.h
./usr/include/openssl/pem.h
./usr/include/openssl/pkcs12.h
./usr/include/openssl/pkcs7.h
./usr/include/openssl/pqueue.h
./usr/include/openssl/rand.h
./usr/include/openssl/rc2.h
./usr/include/openssl/rc4.h
./usr/include/openssl/ripemd.h
./usr/include/openssl/rsa.h
./usr/include/openssl/safestack.h
./usr/include/openssl/sha.h
./usr/include/openssl/srp.h
./usr/include/openssl/srtp.h
./usr/include/openssl/ssl23.h
./usr/include/openssl/ssl2.h
./usr/include/openssl/ssl3.h
./usr/include/openssl/ssl.h
./usr/include/openssl/stack.h
./usr/include/openssl/symhacks.h
./usr/include/openssl/tls1.h
./usr/include/openssl/ts.h
./usr/include/openssl/txt_db.h
./usr/include/openssl/ui_compat.h
./usr/include/openssl/ui.h
./usr/include/openssl/whrlpool.h
./usr/include/openssl/x509.h
./usr/include/openssl/x509v3.h
./usr/include/openssl/x509_vfy.h
./usr/include/panel.h
./usr/include/pcap/bluetooth.h
./usr/include/pcap-bpf.h
./usr/include/pcap/bpf.h
./usr/include/pcap.h
./usr/include/pcap/ipnet.h
./usr/include/pcap-namedb.h
./usr/include/pcap/namedb.h
./usr/include/pcap/pcap.h
./usr/include/pcap/sll.h
./usr/include/pcap/usb.h
./usr/include/pcap/vlan.h
./usr/include/pcrecpparg.h
./usr/include/pcrecpp.h
./usr/include/pcre.h
./usr/include/pcreposix.h
./usr/include/pcre_scanner.h
./usr/include/pcre_stringpiece.h
./usr/include/php/ext/date/lib/timelib_config.h
./usr/include/php/ext/date/lib/timelib.h
./usr/include/php/ext/date/lib/timelib_structs.h
./usr/include/php/ext/date/php_date.h
./usr/include/php/ext/dom/xml_common.h
./usr/include/php/ext/ereg/php_ereg.h
./usr/include/php/ext/ereg/php_regex.h
./usr/include/php/ext/ereg/regex/cclass.h
./usr/include/php/ext/ereg/regex/cname.h
./usr/include/php/ext/ereg/regex/regex2.h
./usr/include/php/ext/ereg/regex/regex.h
./usr/include/php/ext/ereg/regex/utils.h
./usr/include/php/ext/filter/php_filter.h
./usr/include/php/ext/gd/gdcache.h
./usr/include/php/ext/gd/libgd/gdcache.h
./usr/include/php/ext/gd/libgd/gd_compat.h
./usr/include/php/ext/gd/libgd/gdfontg.h
./usr/include/php/ext/gd/libgd/gdfontl.h
./usr/include/php/ext/gd/libgd/gdfontmb.h
./usr/include/php/ext/gd/libgd/gdfonts.h
./usr/include/php/ext/gd/libgd/gdfontt.h
./usr/include/php/ext/gd/libgd/gd.h
./usr/include/php/ext/gd/libgd/gdhelpers.h
./usr/include/php/ext/gd/libgd/gd_intern.h
./usr/include/php/ext/gd/libgd/gd_io.h
./usr/include/php/ext/gd/libgd/jisx0208.h
./usr/include/php/ext/gd/libgd/wbmp.h
./usr/include/php/ext/gd/libgd/webpimg.h
./usr/include/php/ext/gd/php_gd.h
./usr/include/php/ext/hash/php_hash_adler32.h
./usr/include/php/ext/hash/php_hash_crc32.h
./usr/include/php/ext/hash/php_hash_fnv.h
./usr/include/php/ext/hash/php_hash_gost.h
./usr/include/php/ext/hash/php_hash.h
./usr/include/php/ext/hash/php_hash_haval.h
./usr/include/php/ext/hash/php_hash_joaat.h
./usr/include/php/ext/hash/php_hash_md.h
./usr/include/php/ext/hash/php_hash_ripemd.h
./usr/include/php/ext/hash/php_hash_sha.h
./usr/include/php/ext/hash/php_hash_snefru.h
./usr/include/php/ext/hash/php_hash_tiger.h
./usr/include/php/ext/hash/php_hash_types.h
./usr/include/php/ext/hash/php_hash_whirlpool.h
./usr/include/php/ext/iconv/php_have_bsd_iconv.h
./usr/include/php/ext/iconv/php_have_glibc_iconv.h
./usr/include/php/ext/iconv/php_have_ibm_iconv.h
./usr/include/php/ext/iconv/php_have_iconv.h
./usr/include/php/ext/iconv/php_have_libiconv.h
./usr/include/php/ext/iconv/php_iconv_aliased_libiconv.h
./usr/include/php/ext/iconv/php_iconv.h
./usr/include/php/ext/iconv/php_iconv_supports_errno.h
./usr/include/php/ext/iconv/php_php_iconv_h_path.h
./usr/include/php/ext/iconv/php_php_iconv_impl.h
./usr/include/php/ext/json/php_json.h
./usr/include/php/ext/libxml/php_libxml.h
./usr/include/php/ext/mbstring/libmbfl/config.h
./usr/include/php/ext/mbstring/libmbfl/mbfl/eaw_table.h
./usr/include/php/ext/mbstring/libmbfl/mbfl/mbfilter_8bit.h
./usr/include/php/ext/mbstring/libmbfl/mbfl/mbfilter.h
./usr/include/php/ext/mbstring/libmbfl/mbfl/mbfilter_pass.h
./usr/include/php/ext/mbstring/libmbfl/mbfl/mbfilter_wchar.h
./usr/include/php/ext/mbstring/libmbfl/mbfl/mbfl_allocators.h
./usr/include/php/ext/mbstring/libmbfl/mbfl/mbfl_consts.h
./usr/include/php/ext/mbstring/libmbfl/mbfl/mbfl_convert.h
./usr/include/php/ext/mbstring/libmbfl/mbfl/mbfl_defs.h
./usr/include/php/ext/mbstring/libmbfl/mbfl/mbfl_encoding.h
./usr/include/php/ext/mbstring/libmbfl/mbfl/mbfl_filter_output.h
./usr/include/php/ext/mbstring/libmbfl/mbfl/mbfl_ident.h
./usr/include/php/ext/mbstring/libmbfl/mbfl/mbfl_language.h
./usr/include/php/ext/mbstring/libmbfl/mbfl/mbfl_memory_device.h
./usr/include/php/ext/mbstring/libmbfl/mbfl/mbfl_string.h
./usr/include/php/ext/mbstring/mbstring.h
./usr/include/php/ext/mbstring/oniguruma/oniguruma.h
./usr/include/php/ext/mbstring/php_mbregex.h
./usr/include/php/ext/mbstring/php_onig_compat.h
./usr/include/php/ext/pcre/pcrelib/config.h
./usr/include/php/ext/pcre/pcrelib/pcre.h
./usr/include/php/ext/pcre/pcrelib/pcre_internal.h
./usr/include/php/ext/pcre/pcrelib/pcreposix.h
./usr/include/php/ext/pcre/pcrelib/ucp.h
./usr/include/php/ext/pcre/php_pcre.h
./usr/include/php/ext/pdo/php_pdo_driver.h
./usr/include/php/ext/pdo/php_pdo.h
./usr/include/php/ext/session/mod_files.h
./usr/include/php/ext/session/mod_user.h
./usr/include/php/ext/session/php_session.h
./usr/include/php/ext/sockets/php_sockets.h
./usr/include/php/ext/spl/php_spl.h
./usr/include/php/ext/spl/spl_array.h
./usr/include/php/ext/spl/spl_directory.h
./usr/include/php/ext/spl/spl_dllist.h
./usr/include/php/ext/spl/spl_engine.h
./usr/include/php/ext/spl/spl_exceptions.h
./usr/include/php/ext/spl/spl_fixedarray.h
./usr/include/php/ext/spl/spl_functions.h
./usr/include/php/ext/spl/spl_heap.h
./usr/include/php/ext/spl/spl_iterators.h
./usr/include/php/ext/spl/spl_observer.h
./usr/include/php/ext/standard/base64.h
./usr/include/php/ext/standard/basic_functions.h
./usr/include/php/ext/standard/crc32.h
./usr/include/php/ext/standard/credits_ext.h
./usr/include/php/ext/standard/credits.h
./usr/include/php/ext/standard/credits_sapi.h
./usr/include/php/ext/standard/crypt_blowfish.h
./usr/include/php/ext/standard/crypt_freesec.h
./usr/include/php/ext/standard/css.h
./usr/include/php/ext/standard/cyr_convert.h
./usr/include/php/ext/standard/datetime.h
./usr/include/php/ext/standard/dl.h
./usr/include/php/ext/standard/exec.h
./usr/include/php/ext/standard/file.h
./usr/include/php/ext/standard/flock_compat.h
./usr/include/php/ext/standard/fsock.h
./usr/include/php/ext/standard/head.h
./usr/include/php/ext/standard/html.h
./usr/include/php/ext/standard/html_tables.h
./usr/include/php/ext/standard/info.h
./usr/include/php/ext/standard/md5.h
./usr/include/php/ext/standard/microtime.h
./usr/include/php/ext/standard/pack.h
./usr/include/php/ext/standard/pageinfo.h
./usr/include/php/ext/standard/php_array.h
./usr/include/php/ext/standard/php_assert.h
./usr/include/php/ext/standard/php_browscap.h
./usr/include/php/ext/standard/php_crypt.h
./usr/include/php/ext/standard/php_crypt_r.h
./usr/include/php/ext/standard/php_dir.h
./usr/include/php/ext/standard/php_dns.h
./usr/include/php/ext/standard/php_ext_syslog.h
./usr/include/php/ext/standard/php_filestat.h
./usr/include/php/ext/standard/php_fopen_wrappers.h
./usr/include/php/ext/standard/php_ftok.h
./usr/include/php/ext/standard/php_http.h
./usr/include/php/ext/standard/php_image.h
./usr/include/php/ext/standard/php_incomplete_class.h
./usr/include/php/ext/standard/php_iptc.h
./usr/include/php/ext/standard/php_lcg.h
./usr/include/php/ext/standard/php_link.h
./usr/include/php/ext/standard/php_mail.h
./usr/include/php/ext/standard/php_math.h
./usr/include/php/ext/standard/php_metaphone.h
./usr/include/php/ext/standard/php_rand.h
./usr/include/php/ext/standard/php_smart_str.h
./usr/include/php/ext/standard/php_smart_str_public.h
./usr/include/php/ext/standard/php_standard.h
./usr/include/php/ext/standard/php_string.h
./usr/include/php/ext/standard/php_type.h
./usr/include/php/ext/standard/php_uuencode.h
./usr/include/php/ext/standard/php_var.h
./usr/include/php/ext/standard/php_versioning.h
./usr/include/php/ext/standard/proc_open.h
./usr/include/php/ext/standard/quot_print.h
./usr/include/php/ext/standard/scanf.h
./usr/include/php/ext/standard/sha1.h
./usr/include/php/ext/standard/streamsfuncs.h
./usr/include/php/ext/standard/uniqid.h
./usr/include/php/ext/standard/url.h
./usr/include/php/ext/standard/url_scanner_ex.h
./usr/include/php/ext/standard/winver.h
./usr/include/php/ext/xml/expat_compat.h
./usr/include/php/ext/xml/php_xml.h
./usr/include/php/main/build-defs.h
./usr/include/php/main/fopen_wrappers.h
./usr/include/php/main/logos.h
./usr/include/php/main/php_compat.h
./usr/include/php/main/php_config.h
./usr/include/php/main/php_content_types.h
./usr/include/php/main/php_getopt.h
./usr/include/php/main/php_globals.h
./usr/include/php/main/php.h
./usr/include/php/main/php_ini.h
./usr/include/php/main/php_logos.h
./usr/include/php/main/php_main.h
./usr/include/php/main/php_memory_streams.h
./usr/include/php/main/php_network.h
./usr/include/php/main/php_open_temporary_file.h
./usr/include/php/main/php_output.h
./usr/include/php/main/php_reentrancy.h
./usr/include/php/main/php_scandir.h
./usr/include/php/main/php_streams.h
./usr/include/php/main/php_syslog.h
./usr/include/php/main/php_ticks.h
./usr/include/php/main/php_variables.h
./usr/include/php/main/php_version.h
./usr/include/php/main/rfc1867.h
./usr/include/php/main/SAPI.h
./usr/include/php/main/snprintf.h
./usr/include/php/main/spprintf.h
./usr/include/php/main/streams/php_stream_context.h
./usr/include/php/main/streams/php_stream_filter_api.h
./usr/include/php/main/streams/php_stream_glob_wrapper.h
./usr/include/php/main/streams/php_stream_mmap.h
./usr/include/php/main/streams/php_stream_plain_wrapper.h
./usr/include/php/main/streams/php_streams_int.h
./usr/include/php/main/streams/php_stream_transport.h
./usr/include/php/main/streams/php_stream_userspace.h
./usr/include/php/main/win32_internal_function_disabled.h
./usr/include/php/main/win95nt.h
./usr/include/php/sapi/cli/cli.h
./usr/include/php/TSRM/readdir.h
./usr/include/php/TSRM/tsrm_config_common.h
./usr/include/php/TSRM/tsrm_config.h
./usr/include/php/TSRM/tsrm_config.w32.h
./usr/include/php/TSRM/TSRM.h
./usr/include/php/TSRM/tsrm_nw.h
./usr/include/php/TSRM/tsrm_strtok_r.h
./usr/include/php/TSRM/tsrm_virtual_cwd.h
./usr/include/php/TSRM/tsrm_win32.h
./usr/include/php/Zend/zend_alloc.h
./usr/include/php/Zend/zend_API.h
./usr/include/php/Zend/zend_build.h
./usr/include/php/Zend/zend_builtin_functions.h
./usr/include/php/Zend/zend_closures.h
./usr/include/php/Zend/zend_compile.h
./usr/include/php/Zend/zend_config.h
./usr/include/php/Zend/zend_config.nw.h
./usr/include/php/Zend/zend_config.w32.h
./usr/include/php/Zend/zend_constants.h
./usr/include/php/Zend/zend_dtrace.h
./usr/include/php/Zend/zend_dynamic_array.h
./usr/include/php/Zend/zend_errors.h
./usr/include/php/Zend/zend_exceptions.h
./usr/include/php/Zend/zend_execute.h
./usr/include/php/Zend/zend_extensions.h
./usr/include/php/Zend/zend_float.h
./usr/include/php/Zend/zend_gc.h
./usr/include/php/Zend/zend_globals.h
./usr/include/php/Zend/zend_globals_macros.h
./usr/include/php/Zend/zend.h
./usr/include/php/Zend/zend_hash.h
./usr/include/php/Zend/zend_highlight.h
./usr/include/php/Zend/zend_indent.h
./usr/include/php/Zend/zend_ini.h
./usr/include/php/Zend/zend_ini_parser.h
./usr/include/php/Zend/zend_ini_scanner_defs.h
./usr/include/php/Zend/zend_ini_scanner.h
./usr/include/php/Zend/zend_interfaces.h
./usr/include/php/Zend/zend_istdiostream.h
./usr/include/php/Zend/zend_iterators.h
./usr/include/php/Zend/zend_language_parser.h
./usr/include/php/Zend/zend_language_scanner_defs.h
./usr/include/php/Zend/zend_language_scanner.h
./usr/include/php/Zend/zend_list.h
./usr/include/php/Zend/zend_llist.h
./usr/include/php/Zend/zend_modules.h
./usr/include/php/Zend/zend_multibyte.h
./usr/include/php/Zend/zend_multiply.h
./usr/include/php/Zend/zend_object_handlers.h
./usr/include/php/Zend/zend_objects_API.h
./usr/include/php/Zend/zend_objects.h
./usr/include/php/Zend/zend_operators.h
./usr/include/php/Zend/zend_ptr_stack.h
./usr/include/php/Zend/zend_qsort.h
./usr/include/php/Zend/zend_signal.h
./usr/include/php/Zend/zend_stack.h
./usr/include/php/Zend/zend_static_allocator.h
./usr/include/php/Zend/zend_stream.h
./usr/include/php/Zend/zend_string.h
./usr/include/php/Zend/zend_strtod.h
./usr/include/php/Zend/zend_ts_hash.h
./usr/include/php/Zend/zend_types.h
./usr/include/php/Zend/zend_variables.h
./usr/include/php/Zend/zend_vm_def.h
./usr/include/php/Zend/zend_vm_execute.h
./usr/include/php/Zend/zend_vm.h
./usr/include/php/Zend/zend_vm_opcodes.h
./usr/include/popt.h
./usr/include/python2.7/abstract.h
./usr/include/python2.7/asdl.h
./usr/include/python2.7/ast.h
./usr/include/python2.7/bitset.h
./usr/include/python2.7/boolobject.h
./usr/include/python2.7/bufferobject.h
./usr/include/python2.7/bytearrayobject.h
./usr/include/python2.7/bytes_methods.h
./usr/include/python2.7/bytesobject.h
./usr/include/python2.7/cellobject.h
./usr/include/python2.7/ceval.h
./usr/include/python2.7/classobject.h
./usr/include/python2.7/cobject.h
./usr/include/python2.7/codecs.h
./usr/include/python2.7/code.h
./usr/include/python2.7/compile.h
./usr/include/python2.7/complexobject.h
./usr/include/python2.7/cStringIO.h
./usr/include/python2.7/datetime.h
./usr/include/python2.7/descrobject.h
./usr/include/python2.7/dictobject.h
./usr/include/python2.7/dtoa.h
./usr/include/python2.7/enumobject.h
./usr/include/python2.7/errcode.h
./usr/include/python2.7/eval.h
./usr/include/python2.7/fileobject.h
./usr/include/python2.7/floatobject.h
./usr/include/python2.7/frameobject.h
./usr/include/python2.7/funcobject.h
./usr/include/python2.7/genobject.h
./usr/include/python2.7/graminit.h
./usr/include/python2.7/grammar.h
./usr/include/python2.7/import.h
./usr/include/python2.7/intobject.h
./usr/include/python2.7/intrcheck.h
./usr/include/python2.7/iterobject.h
./usr/include/python2.7/listobject.h
./usr/include/python2.7/longintrepr.h
./usr/include/python2.7/longobject.h
./usr/include/python2.7/marshal.h
./usr/include/python2.7/memoryobject.h
./usr/include/python2.7/metagrammar.h
./usr/include/python2.7/methodobject.h
./usr/include/python2.7/modsupport.h
./usr/include/python2.7/moduleobject.h
./usr/include/python2.7/node.h
./usr/include/python2.7/object.h
./usr/include/python2.7/objimpl.h
./usr/include/python2.7/opcode.h
./usr/include/python2.7/osdefs.h
./usr/include/python2.7/parsetok.h
./usr/include/python2.7/patchlevel.h
./usr/include/python2.7/pgen.h
./usr/include/python2.7/pgenheaders.h
./usr/include/python2.7/pyarena.h
./usr/include/python2.7/pycapsule.h
./usr/include/python2.7/pyconfig.h
./usr/include/python2.7/pyctype.h
./usr/include/python2.7/py_curses.h
./usr/include/python2.7/pydebug.h
./usr/include/python2.7/pyerrors.h
./usr/include/python2.7/pyexpat.h
./usr/include/python2.7/pyfpe.h
./usr/include/python2.7/pygetopt.h
./usr/include/python2.7/pymacconfig.h
./usr/include/python2.7/pymactoolbox.h
./usr/include/python2.7/pymath.h
./usr/include/python2.7/pymem.h
./usr/include/python2.7/pyport.h
./usr/include/python2.7/pystate.h
./usr/include/python2.7/pystrcmp.h
./usr/include/python2.7/pystrtod.h
./usr/include/python2.7/Python-ast.h
./usr/include/python2.7/Python.h
./usr/include/python2.7/pythonrun.h
./usr/include/python2.7/pythread.h
./usr/include/python2.7/rangeobject.h
./usr/include/python2.7/setobject.h
./usr/include/python2.7/sliceobject.h
./usr/include/python2.7/stringobject.h
./usr/include/python2.7/structmember.h
./usr/include/python2.7/structseq.h
./usr/include/python2.7/symtable.h
./usr/include/python2.7/sysmodule.h
./usr/include/python2.7/timefuncs.h
./usr/include/python2.7/token.h
./usr/include/python2.7/traceback.h
./usr/include/python2.7/tupleobject.h
./usr/include/python2.7/ucnhash.h
./usr/include/python2.7/unicodeobject.h
./usr/include/python2.7/warnings.h
./usr/include/python2.7/weakrefobject.h
./usr/include/readline/chardefs.h
./usr/include/readline/history.h
./usr/include/readline/keymaps.h
./usr/include/readline/readline.h
./usr/include/readline/rlconf.h
./usr/include/readline/rlstdc.h
./usr/include/readline/rltypedefs.h
./usr/include/readline/tilde.h
./usr/include/sane/sane.h
./usr/include/sane/saneopts.h
./usr/include/sigc++-2.0/sigc++/adaptors/adaptors.h
./usr/include/sigc++-2.0/sigc++/adaptors/adaptor_trait.h
./usr/include/sigc++-2.0/sigc++/adaptors/bind.h
./usr/include/sigc++-2.0/sigc++/adaptors/bind_return.h
./usr/include/sigc++-2.0/sigc++/adaptors/bound_argument.h
./usr/include/sigc++-2.0/sigc++/adaptors/compose.h
./usr/include/sigc++-2.0/sigc++/adaptors/deduce_result_type.h
./usr/include/sigc++-2.0/sigc++/adaptors/exception_catch.h
./usr/include/sigc++-2.0/sigc++/adaptors/hide.h
./usr/include/sigc++-2.0/sigc++/adaptors/lambda/base.h
./usr/include/sigc++-2.0/sigc++/adaptors/lambda/group.h
./usr/include/sigc++-2.0/sigc++/adaptors/lambda/lambda.h
./usr/include/sigc++-2.0/sigc++/adaptors/lambda/operator.h
./usr/include/sigc++-2.0/sigc++/adaptors/lambda/select.h
./usr/include/sigc++-2.0/sigc++/adaptors/retype.h
./usr/include/sigc++-2.0/sigc++/adaptors/retype_return.h
./usr/include/sigc++-2.0/sigc++/bind.h
./usr/include/sigc++-2.0/sigc++/bind_return.h
./usr/include/sigc++-2.0/sigc++/class_slot.h
./usr/include/sigc++-2.0/sigc++/connection.h
./usr/include/sigc++-2.0/sigc++/functors/functors.h
./usr/include/sigc++-2.0/sigc++/functors/functor_trait.h
./usr/include/sigc++-2.0/sigc++/functors/mem_fun.h
./usr/include/sigc++-2.0/sigc++/functors/ptr_fun.h
./usr/include/sigc++-2.0/sigc++/functors/slot_base.h
./usr/include/sigc++-2.0/sigc++/functors/slot.h
./usr/include/sigc++-2.0/sigc++/hide.h
./usr/include/sigc++-2.0/sigc++/limit_reference.h
./usr/include/sigc++-2.0/sigc++/method_slot.h
./usr/include/sigc++-2.0/sigc++/object.h
./usr/include/sigc++-2.0/sigc++/object_slot.h
./usr/include/sigc++-2.0/sigc++/reference_wrapper.h
./usr/include/sigc++-2.0/sigc++/retype.h
./usr/include/sigc++-2.0/sigc++/retype_return.h
./usr/include/sigc++-2.0/sigc++/sigc++.h
./usr/include/sigc++-2.0/sigc++/signal_base.h
./usr/include/sigc++-2.0/sigc++/signal.h
./usr/include/sigc++-2.0/sigc++/slot.h
./usr/include/sigc++-2.0/sigc++/trackable.h
./usr/include/sigc++-2.0/sigc++/type_traits.h
./usr/include/sigc++-2.0/sigc++/visit_each.h
./usr/include/sigc++config.h
./usr/include/slang.h
./usr/include/slcurses.h
./usr/include/sodium/core.h
./usr/include/sodium/crypto_aead_aes256gcm.h
./usr/include/sodium/crypto_aead_chacha20poly1305.h
./usr/include/sodium/crypto_aead_xchacha20poly1305.h
./usr/include/sodium/crypto_auth.h
./usr/include/sodium/crypto_auth_hmacsha256.h
./usr/include/sodium/crypto_auth_hmacsha512256.h
./usr/include/sodium/crypto_auth_hmacsha512.h
./usr/include/sodium/crypto_box_curve25519xchacha20poly1305.h
./usr/include/sodium/crypto_box_curve25519xsalsa20poly1305.h
./usr/include/sodium/crypto_box.h
./usr/include/sodium/crypto_core_hchacha20.h
./usr/include/sodium/crypto_core_hsalsa20.h
./usr/include/sodium/crypto_core_salsa2012.h
./usr/include/sodium/crypto_core_salsa208.h
./usr/include/sodium/crypto_core_salsa20.h
./usr/include/sodium/crypto_generichash_blake2b.h
./usr/include/sodium/crypto_generichash.h
./usr/include/sodium/crypto_hash.h
./usr/include/sodium/crypto_hash_sha256.h
./usr/include/sodium/crypto_hash_sha512.h
./usr/include/sodium/crypto_kdf_blake2b.h
./usr/include/sodium/crypto_kdf.h
./usr/include/sodium/crypto_kx.h
./usr/include/sodium/crypto_onetimeauth.h
./usr/include/sodium/crypto_onetimeauth_poly1305.h
./usr/include/sodium/crypto_pwhash_argon2id.h
./usr/include/sodium/crypto_pwhash_argon2i.h
./usr/include/sodium/crypto_pwhash.h
./usr/include/sodium/crypto_pwhash_scryptsalsa208sha256.h
./usr/include/sodium/crypto_scalarmult_curve25519.h
./usr/include/sodium/crypto_scalarmult.h
./usr/include/sodium/crypto_secretbox.h
./usr/include/sodium/crypto_secretbox_xchacha20poly1305.h
./usr/include/sodium/crypto_secretbox_xsalsa20poly1305.h
./usr/include/sodium/crypto_secretstream_xchacha20poly1305.h
./usr/include/sodium/crypto_shorthash.h
./usr/include/sodium/crypto_shorthash_siphash24.h
./usr/include/sodium/crypto_sign_ed25519.h
./usr/include/sodium/crypto_sign_edwards25519sha512batch.h
./usr/include/sodium/crypto_sign.h
./usr/include/sodium/crypto_stream_chacha20.h
./usr/include/sodium/crypto_stream.h
./usr/include/sodium/crypto_stream_salsa2012.h
./usr/include/sodium/crypto_stream_salsa208.h
./usr/include/sodium/crypto_stream_salsa20.h
./usr/include/sodium/crypto_stream_xchacha20.h
./usr/include/sodium/crypto_stream_xsalsa20.h
./usr/include/sodium/crypto_verify_16.h
./usr/include/sodium/crypto_verify_32.h
./usr/include/sodium/crypto_verify_64.h
./usr/include/sodium/export.h
./usr/include/sodium.h
./usr/include/sodium/randombytes.h
./usr/include/sodium/randombytes_salsa20_random.h
./usr/include/sodium/randombytes_sysrandom.h
./usr/include/sodium/runtime.h
./usr/include/sodium/utils.h
./usr/include/sodium/version.h
./usr/include/sox.h
./usr/include/sqlite3ext.h
./usr/include/sqlite3.h
./usr/include/ss/ss_err.h
./usr/include/ss/ss.h
./usr/include/sys/acl.h
./usr/include/sys/asoundlib.h
./usr/include/taglib/aifffile.h
./usr/include/taglib/aiffproperties.h
./usr/include/taglib/apefooter.h
./usr/include/taglib/apeitem.h
./usr/include/taglib/apetag.h
./usr/include/taglib/asfattribute.h
./usr/include/taglib/asffile.h
./usr/include/taglib/asfproperties.h
./usr/include/taglib/asftag.h
./usr/include/taglib/attachedpictureframe.h
./usr/include/taglib/audioproperties.h
./usr/include/taglib/commentsframe.h
./usr/include/taglib/fileref.h
./usr/include/taglib/flacfile.h
./usr/include/taglib/flacproperties.h
./usr/include/taglib/generalencapsulatedobjectframe.h
./usr/include/taglib/id3v1genres.h
./usr/include/taglib/id3v1tag.h
./usr/include/taglib/id3v2extendedheader.h
./usr/include/taglib/id3v2footer.h
./usr/include/taglib/id3v2framefactory.h
./usr/include/taglib/id3v2frame.h
./usr/include/taglib/id3v2header.h
./usr/include/taglib/id3v2synchdata.h
./usr/include/taglib/id3v2tag.h
./usr/include/taglib/mp4atom.h
./usr/include/taglib/mp4coverart.h
./usr/include/taglib/mp4file.h
./usr/include/taglib/mp4item.h
./usr/include/taglib/mp4properties.h
./usr/include/taglib/mp4tag.h
./usr/include/taglib/mpcfile.h
./usr/include/taglib/mpcproperties.h
./usr/include/taglib/mpegfile.h
./usr/include/taglib/mpegheader.h
./usr/include/taglib/mpegproperties.h
./usr/include/taglib/oggfile.h
./usr/include/taglib/oggflacfile.h
./usr/include/taglib/oggpage.h
./usr/include/taglib/oggpageheader.h
./usr/include/taglib/popularimeterframe.h
./usr/include/taglib/privateframe.h
./usr/include/taglib/relativevolumeframe.h
./usr/include/taglib/rifffile.h
./usr/include/taglib/speexfile.h
./usr/include/taglib/speexproperties.h
./usr/include/taglib/tag_c.h
./usr/include/taglib/tag.h
./usr/include/taglib/taglib_config.h
./usr/include/taglib/taglib_export.h
./usr/include/taglib/taglib.h
./usr/include/taglib/tbytevector.h
./usr/include/taglib/tbytevectorlist.h
./usr/include/taglib/textidentificationframe.h
./usr/include/taglib/tfile.h
./usr/include/taglib/tlist.h
./usr/include/taglib/tlist.tcc
./usr/include/taglib/tmap.h
./usr/include/taglib/tmap.tcc
./usr/include/taglib/trueaudiofile.h
./usr/include/taglib/trueaudioproperties.h
./usr/include/taglib/tstring.h
./usr/include/taglib/tstringlist.h
./usr/include/taglib/uniquefileidentifierframe.h
./usr/include/taglib/unknownframe.h
./usr/include/taglib/unsynchronizedlyricsframe.h
./usr/include/taglib/urllinkframe.h
./usr/include/taglib/vorbisfile.h
./usr/include/taglib/vorbisproperties.h
./usr/include/taglib/wavfile.h
./usr/include/taglib/wavpackfile.h
./usr/include/taglib/wavpackproperties.h
./usr/include/taglib/wavproperties.h
./usr/include/taglib/xingheader.h
./usr/include/taglib/xiphcomment.h
./usr/include/termcap.h
./usr/include/term.h
./usr/include/theora/codec.h
./usr/include/theora/theoradec.h
./usr/include/theora/theoraenc.h
./usr/include/theora/theora.h
./usr/include/thread_db.h
./usr/include/tiffconf.h
./usr/include/tiff.h
./usr/include/tiffio.h
./usr/include/tiffio.hxx
./usr/include/tiffvers.h
./usr/include/twolame.h
./usr/include/ucd-snmp/agent_index.h
./usr/include/ucd-snmp/agent_read_config.h
./usr/include/ucd-snmp/agent_registry.h
./usr/include/ucd-snmp/agent_trap.h
./usr/include/ucd-snmp/asn1.h
./usr/include/ucd-snmp/auto_nlist.h
./usr/include/ucd-snmp/callback.h
./usr/include/ucd-snmp/default_store.h
./usr/include/ucd-snmp/ds_agent.h
./usr/include/ucd-snmp/header_complex.h
./usr/include/ucd-snmp/int64.h
./usr/include/ucd-snmp/keytools.h
./usr/include/ucd-snmp/mib.h
./usr/include/ucd-snmp/mibincl.h
./usr/include/ucd-snmp/mib_module_config.h
./usr/include/ucd-snmp/parse.h
./usr/include/ucd-snmp/read_config.h
./usr/include/ucd-snmp/scapi.h
./usr/include/ucd-snmp/snmp_agent.h
./usr/include/ucd-snmp/snmp_alarm.h
./usr/include/ucd-snmp/snmp_api.h
./usr/include/ucd-snmp/snmp_client.h
./usr/include/ucd-snmp/snmp_debug.h
./usr/include/ucd-snmp/snmp.h
./usr/include/ucd-snmp/snmp_impl.h
./usr/include/ucd-snmp/snmp_logging.h
./usr/include/ucd-snmp/snmp_parse_args.h
./usr/include/ucd-snmp/snmp-tc.h
./usr/include/ucd-snmp/snmpusm.h
./usr/include/ucd-snmp/snmpv3.h
./usr/include/ucd-snmp/snmp_vars.h
./usr/include/ucd-snmp/struct.h
./usr/include/ucd-snmp/system.h
./usr/include/ucd-snmp/tools.h
./usr/include/ucd-snmp/transform_oids.h
./usr/include/ucd-snmp/ucd-snmp-agent-includes.h
./usr/include/ucd-snmp/ucd-snmp-config.h
./usr/include/ucd-snmp/ucd-snmp-includes.h
./usr/include/ucd-snmp/util_funcs.h
./usr/include/ucd-snmp/var_struct.h
./usr/include/ucd-snmp/version.h
./usr/include/ulockmgr.h
./usr/include/unctrl.h
./usr/include/unicase.h
./usr/include/unicode/alphaindex.h
./usr/include/unicode/appendable.h
./usr/include/unicode/basictz.h
./usr/include/unicode/bmsearch.h
./usr/include/unicode/bms.h
./usr/include/unicode/brkiter.h
./usr/include/unicode/bytestream.h
./usr/include/unicode/bytestriebuilder.h
./usr/include/unicode/bytestrie.h
./usr/include/unicode/calendar.h
./usr/include/unicode/caniter.h
./usr/include/unicode/chariter.h
./usr/include/unicode/choicfmt.h
./usr/include/unicode/coleitr.h
./usr/include/unicode/colldata.h
./usr/include/unicode/coll.h
./usr/include/unicode/curramt.h
./usr/include/unicode/currpinf.h
./usr/include/unicode/currunit.h
./usr/include/unicode/datefmt.h
./usr/include/unicode/dbbi.h
./usr/include/unicode/dcfmtsym.h
./usr/include/unicode/decimfmt.h
./usr/include/unicode/docmain.h
./usr/include/unicode/dtfmtsym.h
./usr/include/unicode/dtintrv.h
./usr/include/unicode/dtitvfmt.h
./usr/include/unicode/dtitvinf.h
./usr/include/unicode/dtptngen.h
./usr/include/unicode/dtrule.h
./usr/include/unicode/errorcode.h
./usr/include/unicode/fieldpos.h
./usr/include/unicode/fmtable.h
./usr/include/unicode/format.h
./usr/include/unicode/fpositer.h
./usr/include/unicode/gregocal.h
./usr/include/unicode/icudataver.h
./usr/include/unicode/icuplug.h
./usr/include/unicode/idna.h
./usr/include/unicode/localpointer.h
./usr/include/unicode/locdspnm.h
./usr/include/unicode/locid.h
./usr/include/unicode/measfmt.h
./usr/include/unicode/measunit.h
./usr/include/unicode/measure.h
./usr/include/unicode/messagepattern.h
./usr/include/unicode/msgfmt.h
./usr/include/unicode/normalizer2.h
./usr/include/unicode/normlzr.h
./usr/include/unicode/numfmt.h
./usr/include/unicode/numsys.h
./usr/include/unicode/parseerr.h
./usr/include/unicode/parsepos.h
./usr/include/unicode/platform.h
./usr/include/unicode/plurfmt.h
./usr/include/unicode/plurrule.h
./usr/include/unicode/ppalmos.h
./usr/include/unicode/ptypes.h
./usr/include/unicode/putil.h
./usr/include/unicode/pwin32.h
./usr/include/unicode/rbbi.h
./usr/include/unicode/rbnf.h
./usr/include/unicode/rbtz.h
./usr/include/unicode/regex.h
./usr/include/unicode/rep.h
./usr/include/unicode/resbund.h
./usr/include/unicode/schriter.h
./usr/include/unicode/search.h
./usr/include/unicode/selfmt.h
./usr/include/unicode/simpletz.h
./usr/include/unicode/smpdtfmt.h
./usr/include/unicode/sortkey.h
./usr/include/unicode/std_string.h
./usr/include/unicode/strenum.h
./usr/include/unicode/stringpiece.h
./usr/include/unicode/stringtriebuilder.h
./usr/include/unicode/stsearch.h
./usr/include/unicode/symtable.h
./usr/include/unicode/tblcoll.h
./usr/include/unicode/timezone.h
./usr/include/unicode/tmunit.h
./usr/include/unicode/tmutamt.h
./usr/include/unicode/tmutfmt.h
./usr/include/unicode/translit.h
./usr/include/unicode/tzrule.h
./usr/include/unicode/tztrans.h
./usr/include/unicode/ubidi.h
./usr/include/unicode/ubrk.h
./usr/include/unicode/ucal.h
./usr/include/unicode/ucasemap.h
./usr/include/unicode/ucat.h
./usr/include/unicode/uchar.h
./usr/include/unicode/ucharstriebuilder.h
./usr/include/unicode/ucharstrie.h
./usr/include/unicode/uchriter.h
./usr/include/unicode/uclean.h
./usr/include/unicode/ucnv_cb.h
./usr/include/unicode/ucnv_err.h
./usr/include/unicode/ucnv.h
./usr/include/unicode/ucnvsel.h
./usr/include/unicode/ucoleitr.h
./usr/include/unicode/ucol.h
./usr/include/unicode/uconfig.h
./usr/include/unicode/ucsdet.h
./usr/include/unicode/ucurr.h
./usr/include/unicode/udata.h
./usr/include/unicode/udateintervalformat.h
./usr/include/unicode/udat.h
./usr/include/unicode/udatpg.h
./usr/include/unicode/udeprctd.h
./usr/include/unicode/udraft.h
./usr/include/unicode/uenum.h
./usr/include/unicode/uidna.h
./usr/include/unicode/uintrnal.h
./usr/include/unicode/uiter.h
./usr/include/unicode/uldnames.h
./usr/include/unicode/ulocdata.h
./usr/include/unicode/uloc.h
./usr/include/unicode/umachine.h
./usr/include/unicode/umisc.h
./usr/include/unicode/umsg.h
./usr/include/unicode/unifilt.h
./usr/include/unicode/unifunct.h
./usr/include/unicode/unimatch.h
./usr/include/unicode/unirepl.h
./usr/include/unicode/uniset.h
./usr/include/unicode/unistr.h
./usr/include/unicode/unorm2.h
./usr/include/unicode/unorm.h
./usr/include/unicode/unum.h
./usr/include/unicode/uobject.h
./usr/include/unicode/uobslete.h
./usr/include/unicode/upluralrules.h
./usr/include/unicode/uregex.h
./usr/include/unicode/urename.h
./usr/include/unicode/urep.h
./usr/include/unicode/ures.h
./usr/include/unicode/uscript.h
./usr/include/unicode/usearch.h
./usr/include/unicode/uset.h
./usr/include/unicode/usetiter.h
./usr/include/unicode/ushape.h
./usr/include/unicode/uspoof.h
./usr/include/unicode/usprep.h
./usr/include/unicode/ustdio.h
./usr/include/unicode/ustream.h
./usr/include/unicode/ustring.h
./usr/include/unicode/ustringtrie.h
./usr/include/unicode/usystem.h
./usr/include/unicode/utext.h
./usr/include/unicode/utf16.h
./usr/include/unicode/utf32.h
./usr/include/unicode/utf8.h
./usr/include/unicode/utf.h
./usr/include/unicode/utf_old.h
./usr/include/unicode/utmscale.h
./usr/include/unicode/utrace.h
./usr/include/unicode/utrans.h
./usr/include/unicode/utypes.h
./usr/include/unicode/uvernum.h
./usr/include/unicode/uversion.h
./usr/include/unicode/vtzone.h
./usr/include/uniconv.h
./usr/include/unictype.h
./usr/include/unilbrk.h
./usr/include/uniname.h
./usr/include/uninorm.h
./usr/include/unistdio.h
./usr/include/unistr.h
./usr/include/unistring/cdefs.h
./usr/include/unistring/iconveh.h
./usr/include/unistring/inline.h
./usr/include/unistring/localcharset.h
./usr/include/unistring/stdbool.h
./usr/include/unistring/stdint.h
./usr/include/unistring/version.h
./usr/include/unistring/woe32dll.h
./usr/include/unitypes.h
./usr/include/uniwbrk.h
./usr/include/uniwidth.h
./usr/include/upnp/FreeList.h
./usr/include/upnp/ithread.h
./usr/include/upnp/ixml.h
./usr/include/upnp/LinkedList.h
./usr/include/upnp/ThreadPool.h
./usr/include/upnp/TimerThread.h
./usr/include/upnp/upnpconfig.h
./usr/include/upnp/upnpdebug.h
./usr/include/upnp/upnp.h
./usr/include/upnp/upnptools.h
./usr/include/usb.h
./usr/include/usbpp.h
./usr/include/uuid/uuid.h
./usr/include/vorbis/codec.h
./usr/include/vorbis/vorbisenc.h
./usr/include/vorbis/vorbisfile.h
./usr/include/wavpack/wavpack.h
./usr/include/wx-2.8/wx/afterstd.h
./usr/include/wx-2.8/wx/app.h
./usr/include/wx-2.8/wx/apptrait.h
./usr/include/wx-2.8/wx/archive.h
./usr/include/wx-2.8/wx/arrimpl.cpp
./usr/include/wx-2.8/wx/arrstr.h
./usr/include/wx-2.8/wx/beforestd.h
./usr/include/wx-2.8/wx/buffer.h
./usr/include/wx-2.8/wx/build.h
./usr/include/wx-2.8/wx/chkconf.h
./usr/include/wx-2.8/wx/clntdata.h
./usr/include/wx-2.8/wx/cmdline.h
./usr/include/wx-2.8/wx/confbase.h
./usr/include/wx-2.8/wx/config.h
./usr/include/wx-2.8/wx/containr.h
./usr/include/wx-2.8/wx/convauto.h
./usr/include/wx-2.8/wx/cpp.h
./usr/include/wx-2.8/wx/datetime.h
./usr/include/wx-2.8/wx/datstrm.h
./usr/include/wx-2.8/wx/db.h
./usr/include/wx-2.8/wx/dbkeyg.h
./usr/include/wx-2.8/wx/dbtable.h
./usr/include/wx-2.8/wx/dde.h
./usr/include/wx-2.8/wx/debug.h
./usr/include/wx-2.8/wx/defs.h
./usr/include/wx-2.8/wx/dir.h
./usr/include/wx-2.8/wx/dlimpexp.h
./usr/include/wx-2.8/wx/dynarray.h
./usr/include/wx-2.8/wx/dynlib.h
./usr/include/wx-2.8/wx/dynload.h
./usr/include/wx-2.8/wx/encconv.h
./usr/include/wx-2.8/wx/event.h
./usr/include/wx-2.8/wx/except.h
./usr/include/wx-2.8/wx/features.h
./usr/include/wx-2.8/wx/ffile.h
./usr/include/wx-2.8/wx/fileconf.h
./usr/include/wx-2.8/wx/filefn.h
./usr/include/wx-2.8/wx/file.h
./usr/include/wx-2.8/wx/filename.h
./usr/include/wx-2.8/wx/filesys.h
./usr/include/wx-2.8/wx/fontenc.h
./usr/include/wx-2.8/wx/fontmap.h
./usr/include/wx-2.8/wx/fs_arc.h
./usr/include/wx-2.8/wx/fs_filter.h
./usr/include/wx-2.8/wx/fs_inet.h
./usr/include/wx-2.8/wx/fs_mem.h
./usr/include/wx-2.8/wx/fs_zip.h
./usr/include/wx-2.8/wx/gsocket.h
./usr/include/wx-2.8/wx/hash.h
./usr/include/wx-2.8/wx/hashmap.h
./usr/include/wx-2.8/wx/hashset.h
./usr/include/wx-2.8/wx/html/forcelnk.h
./usr/include/wx-2.8/wx/iconloc.h
./usr/include/wx-2.8/wx/init.h
./usr/include/wx-2.8/wx/intl.h
./usr/include/wx-2.8/wx/iosfwrap.h
./usr/include/wx-2.8/wx/ioswrap.h
./usr/include/wx-2.8/wx/ipcbase.h
./usr/include/wx-2.8/wx/ipc.h
./usr/include/wx-2.8/wx/isqlext.h
./usr/include/wx-2.8/wx/isql.h
./usr/include/wx-2.8/wx/link.h
./usr/include/wx-2.8/wx/list.h
./usr/include/wx-2.8/wx/listimpl.cpp
./usr/include/wx-2.8/wx/log.h
./usr/include/wx-2.8/wx/longlong.h
./usr/include/wx-2.8/wx/math.h
./usr/include/wx-2.8/wx/memconf.h
./usr/include/wx-2.8/wx/memory.h
./usr/include/wx-2.8/wx/memtext.h
./usr/include/wx-2.8/wx/mimetype.h
./usr/include/wx-2.8/wx/module.h
./usr/include/wx-2.8/wx/msgout.h
./usr/include/wx-2.8/wx/mstream.h
./usr/include/wx-2.8/wx/object.h
./usr/include/wx-2.8/wx/platform.h
./usr/include/wx-2.8/wx/platinfo.h
./usr/include/wx-2.8/wx/power.h
./usr/include/wx-2.8/wx/process.h
./usr/include/wx-2.8/wx/protocol/file.h
./usr/include/wx-2.8/wx/protocol/ftp.h
./usr/include/wx-2.8/wx/protocol/http.h
./usr/include/wx-2.8/wx/protocol/protocol.h
./usr/include/wx-2.8/wx/ptr_scpd.h
./usr/include/wx-2.8/wx/recguard.h
./usr/include/wx-2.8/wx/regex.h
./usr/include/wx-2.8/wx/sckaddr.h
./usr/include/wx-2.8/wx/sckipc.h
./usr/include/wx-2.8/wx/sckstrm.h
./usr/include/wx-2.8/wx/scopeguard.h
./usr/include/wx-2.8/wx/setup.h
./usr/include/wx-2.8/wx/snglinst.h
./usr/include/wx-2.8/wx/socket.h
./usr/include/wx-2.8/wx/sstream.h
./usr/include/wx-2.8/wx/stack.h
./usr/include/wx-2.8/wx/stackwalk.h
./usr/include/wx-2.8/wx/stdpaths.h
./usr/include/wx-2.8/wx/stockitem.h
./usr/include/wx-2.8/wx/stopwatch.h
./usr/include/wx-2.8/wx/strconv.h
./usr/include/wx-2.8/wx/stream.h
./usr/include/wx-2.8/wx/string.h
./usr/include/wx-2.8/wx/sysopt.h
./usr/include/wx-2.8/wx/tarstrm.h
./usr/include/wx-2.8/wx/textbuf.h
./usr/include/wx-2.8/wx/textfile.h
./usr/include/wx-2.8/wx/thread.h
./usr/include/wx-2.8/wx/thrimpl.cpp
./usr/include/wx-2.8/wx/timer.h
./usr/include/wx-2.8/wx/tokenzr.h
./usr/include/wx-2.8/wx/txtstrm.h
./usr/include/wx-2.8/wx/types.h
./usr/include/wx-2.8/wx/unix/apptbase.h
./usr/include/wx-2.8/wx/unix/apptrait.h
./usr/include/wx-2.8/wx/unix/execute.h
./usr/include/wx-2.8/wx/unix/gsockunx.h
./usr/include/wx-2.8/wx/unix/mimetype.h
./usr/include/wx-2.8/wx/unix/pipe.h
./usr/include/wx-2.8/wx/unix/private.h
./usr/include/wx-2.8/wx/unix/stackwalk.h
./usr/include/wx-2.8/wx/unix/stdpaths.h
./usr/include/wx-2.8/wx/uri.h
./usr/include/wx-2.8/wx/url.h
./usr/include/wx-2.8/wx/utils.h
./usr/include/wx-2.8/wx/variant.h
./usr/include/wx-2.8/wx/vector.h
./usr/include/wx-2.8/wx/version.h
./usr/include/wx-2.8/wx/volume.h
./usr/include/wx-2.8/wx/wfstream.h
./usr/include/wx-2.8/wx/wxchar.h
./usr/include/wx-2.8/wx/wx.h
./usr/include/wx-2.8/wx/wxprec.h
./usr/include/wx-2.8/wx/xml/xml.h
./usr/include/wx-2.8/wx/xti.h
./usr/include/wx-2.8/wx/xtistrm.h
./usr/include/wx-2.8/wx/xtixml.h
./usr/include/wx-2.8/wx/zipstrm.h
./usr/include/wx-2.8/wx/zstream.h
./usr/include/zconf.h
./usr/include/zlib.h
